╭──────────────────────────────────────────╮
│ Edit Labels                              │
│──────────────────────────────────────────│
│                                          │
│ ╭─ Labels (Space to toggle) ───────────╮ │
│ │> [x] bug                             │ │
│ │  [x] feature                         │ │
│ │  [x] ui                              │ │
│ ╰──────────────────────────────────────╯ │
│                                          │
│ ╭─ Add Label (Enter to add) ───────────╮ │
│ │  Enter label name...                 │ │
│ ╰──────────────────────────────────────╯ │
│                                          │
│     Save                                 │
│                                          │
╰──────────────────────────────────────────╯