╭──────────────────────────────────────────────────╮
│ Create New View                                  │
│──────────────────────────────────────────────────│
│                                                  │
│ ╭─ View Name (required) ───────────────────────╮ │
│ │View name                                     │ │
│ ╰──────────────────────────────────────────────╯ │
│                                                  │
│ ╭─ Column Name (optional) ─────────────────────╮ │
│ │defaults to view name                         │ │
│ ╰──────────────────────────────────────────────╯ │
│                                                  │
│ ╭─ Color (Enter to change) ────────────────────╮ │
│ │   #73F59F                                    │ │
│ ╰──────────────────────────────────────────────╯ │
│  View name is required                           │
│                                                  │
│     Save                                         │
│                                                  │
╰──────────────────────────────────────────────────╯