╭─ ○ COORDINATOR ────────────────────────╮╭─ MESSAGE LOG ──────────────────────╮                                        
│                                        ││                                    │                                        
│                                        ││                                    │                                        
│                                        ││                                    │                                        
│                                        ││                                    │                                        
│                                        ││                                    │                                        
│                                        ││                                    │                                        
│                                        ││                                    │                                        
│                                        ││                                    │                                        
│                                     ╭──────────────────────────────────────────╮                                      
│                                     │ Error                                    │                                      
│                                     │──────────────────────────────────────────│                                      
│                                     │                                          │                                      
│                                     │ Worker failed: connection refused        │       No workers spawned yet         
│                                     │                                          │                                      
│                                     │ Press Esc to dismiss                     │                                      
│                                     │                                          │                                      
│                                     │                                          │                                      
│                                     │                                          │                                      
│                                     ╰──────────────────────────────────────────╯                                      
│                                        ││                                    │                                        
│                                        ││                                    │                                        
│                                        ││                                    │                                        
│                                        ││                                    │                                        
│                                        ││                                    │                                        
╰────────────────────────────────────────╯╰────────────────────────────────────╯                                        
╭─ COORDINATOR ────────────────────────────────────────────────────────────────────────────────────────────────────────╮
│ > Type message to coordinator...                                                                                     │
│                                                                                                                      │
╰──────────────────────────────────────────────────────────────────────────────────────────────────────────────────────╯