                                                                                                                        
                                                                                                                        
                                                                                                                        
                                                                                                                        
                                                                                                                        
                                                                                                                        
                                          \│/                                                                           
                          ╔═══════╗   ╔════╲   │   ╱════╗   ╔═══════╗   ╔═══════╗   ╔═══════╗                           
                          ║       ╠═══╣     ╲  │  ╱     ╠═══╣       ╠═══╣       ╠═══╣       ║                           
                          ║       ╠═══╣     ╱  │  ╲     ╠═══╣       ╠═══╣       ╠═══╣       ║                           
                          ╚═══════╝   ╚════╱   │   ╲════╝   ╚═══════╝   ╚═══════╝   ╚═══════╝                           
                                          /│\                                                                           
                                                                                                                        
                                                 Initialization Failed                                                  
                                                                                                                        
                                                  ✓ Creating Worktree                                                   
                                                 ✗ Creating Workspace                                                   
                                                  Spawning Coordinator                                                  
                                                    Coordinator Ready                                                   
                                                                                                                        
                                    Error: listen tcp :8765: address already in use                                     
                                                                                                                        
                                                                                                                        
                                          [R] Retry     [ESC] Exit to Kanban                                            
                                                                                                                        
                                                                                                                        
                                                                                                                        
                                                                                                                        
                                                                                                                        
                                                                                                                        