╭─ ● WORKER-1 perles-oauth.3 (feedback) ───────────────────────────────────────────────────────────────────────────────╮
│                                                                                                                      │
│                                                                                                                      │
│                                                                                                                      │
│Worker                                                                                                                │
│Reading auth/oauth.go                                                                                                 │
│                                                                                                                      │
│Worker                                                                                                                │
│Found existing OAuth setup                                                                                            │
│                                                                                                                      │
│Worker                                                                                                                │
│├╴ Read                                                                                                               │
│╰╴ Grep                                                                                                               │
│                                                                                                                      │
│Worker                                                                                                                │
│Adding Google provider configuration                                                                                  │
│                                                                                                                      │
│Worker                                                                                                                │
│╰╴ Edit                                                                                                               │
│                                                                                                                      │
│Worker                                                                                                                │
│Running tests to verify changes                                                                                       │
│                                                                                                                      │
│Worker                                                                                                                │
│╰╴ Bash                                                                                                               │
╰──────────────────────────────────────────────────────────────────────────────────────────────────────────────────────╯
╭─ Select fullscreen pane: ────────────────────────────────────────────────────────────────────────────────────────────╮
│ 1-4=workers  5=coordinator  6=messages  esc=exit                                                                     │
│                                                                                                                      │
╰──────────────────────────────────────────────────────────────────────────────────────────────────────────────────────╯