╭─ ○ COORDINATOR ────────────────────────────────────────────────────╮╭─ MESSAGE LOG ────────────────────────────────────────────────╮                                                                  
│                                                                    ││                                                              │                                                                  
│                                                                    ││                                                              │                                                                  
│                                                                    ││                                                              │                                                                  
│                                                                    ││                                                              │                                                                  
│                                                                    ││                                                              │                                                                  
│                                                                    ││                                                              │                                                                  
│                                                                    ││                                                              │                                                                  
│                                                                    ││                                                              │                                                                  
│                                                                    ││                                                              │                                                                  
│                                                                    ││                                                              │                                                                  
│                                                                    ││                                                              │                                                                  
│                                                                    ││                                                              │                                                                  
│                                                                    ││                                                              │                                                                  
│                                                                    ││                                                              │                                                                  
│                                                                    ││                                                              │                                                                  
│                                                                    ││                                                              │                                                                  
│                                                                    ││                                                              │                                                                  
│                                                                    ││                                                              │                      No workers spawned yet                      
│                                                                    ││                                                              │                                                                  
│                                                                    ││                                                              │                                                                  
│                                                                    ││                                                              │                                                                  
│                                                                    ││                                                              │                                                                  
│                                                                    ││                                                              │                                                                  
│                                                                    ││                                                              │                                                                  
│                                                                    ││                                                              │                                                                  
│                                                                    ││                                                              │                                                                  
│                                                                    ││                                                              │                                                                  
│                                                                    ││                                                              │                                                                  
│                                                                    ││                                                              │                                                                  
│                                                                    ││                                                              │                                                                  
│                                                                    ││                                                              │                                                                  
│Coordinator                                                         ││                                                              │                                                                  
│I see this epic has many tasks. Let me analyze the dependency       ││                                                              │                                                                  
│graph to determine optimal execution order.                         ││                                                              │                                                                  
╰────────────────────────────────────────────────────────────────────╯╰──────────────────────────────────────────────────────────────╯                                                                  
╭─ COORDINATOR ────────────────────────────────────────────────────────────────────────────────────────────────────────────────────────────────────────────────────────────────────────────────────────╮
│ > Type message to coordinator...                                                                                                                                                                     │
│                                                                                                                                                                                                      │
╰──────────────────────────────────────────────────────────────────────────────────────────────────────────────────────────────────────────────────────────────────────────────────────────────────────╯