╭─ ○ COORDINATOR ────────────────────────╮╭─ MESSAGE LOG ──────────────────────╮                                        
│                                        ││                                    │                                        
│                                        ││                                    │                                        
│                                        ││                                    │                                        
│                                        ││                                    │                                        
│                                        ││                                    │                                        
│                                        ││                                    │                                        
│                                        ││                                    │                                        
│                                        ││                                    │                                        
│                                        ││                                    │                                        
│                                        ││                                    │                                        
│                                        ││                                    │                                        
│                                        ││                                    │                                        
│                                        ││                                    │         No workers spawned yet         
│                                        ││                                    │                                        
│                                        ││                                    │                                        
│                                        ││                                    │                                        
│                                        ││                                    │                                        
│                                        ││                                    │                                        
│                                        ││                                    │                                        
│                                        ││                                    │                                        
│                                        ││                                    │                                        
│                                        ││                                    │                                        
│                                        ││                                    │                                        
│                                        ││                                    │                                        
╰────────────────────────────────────────╯╰────────────────────────────────────╯                                        
╭─ COORDINATOR ────────────────────────────────────────────────────────────────────────────────────────────────────────╮
│ > Type message to coordinator...                                                                                     │
│                                                                                                                      │
╰──────────────────────────────────────────────────────────────────────────────────────────────────────────────────────╯