╭─ ○ COORDINATOR ────────────────────────╮╭─ MESSAGE LOG ──────────────────────╮                                        
│                                        ││                                    │                                        
│                                        ││                                    │                                        
│                                        ││                                    │                                        
│                                        ││                                    │                                        
│                                        ││                                    │                                        
│                                        ││                                    │                                        
│                                        ││                                    │                                        
│                                        ││                                    │                                        
│                                        ││                                    │                                        
│                                        ││                                    │                                        
│                                        ││                                    │                                        
│                                        ││                                    │                                        
│                                        ││                                    │         No workers spawned yet         
│                                        ││                                    │                                        
│                                        ││                                    │                                        
│                                        ││                                    │                                        
│                                        ││                                    │                                        
│User                                    ││                                    │                                        
│Start working on the auth epic          ││                                    │                                        
│                                        ││                                    │                                        
│Coordinator                             ││                                    │                                        
│I'll analyze the epic and plan the      ││                                    │                                        
│execution. I see 4 tasks with           ││                                    │                                        
│dependencies.                           ││                                    │                                        
╰────────────────────────────────────────╯╰────────────────────────────────────╯                                        
╭─ COORDINATOR ────────────────────────────────────────────────────────────────────────────────────────────────────────╮
│ [7m [27m                                                                                                                    │
│                                                                                                                      │
╰──────────────────────────────────────────────────────────────────────────────────────────────────────────────────────╯