╭─ ○ COORDINATOR ───────────────────────────────╮╭─ MESSAGE LOG ────────────────────────────╮╭─ ○ WORKER-1 ────────────────────────────────╮
│                                               ││                                          ││                                             │
│                                               ││                                          ││                                             │
│                                               ││                                          ││                                             │
│                                               ││                                          ││                                             │
│                                               ││                                          ││                                             │
│                                               ││                                          ││                                             │
│                                               ││                                          ││                                             │
│                                               ││                                          ││                                             │
│                                               ││                                          ││                                             │
│                                               ││                                          ││                                             │
│                                               ││                                          ││                                             │
│                                               ││                                          ││Worker                                       │
│                                               ││                                          ││OAuth setup complete                         │
│                                               ││                                          │╰─────────────────────────────────────────────╯
│                                               ││                                          │╭─ ● WORKER-2 ────────────────────────────────╮
│                                               ││                                          ││                                             │
│                                               ││                                          ││                                             │
│                                               ││                                          ││                                             │
│                                               ││                                          ││                                             │
│                                               ││                                          ││                                             │
│                                               ││                                          ││                                             │
│                                               │││ 14:30 COORDINATOR → ALL                 ││                                             │
│                                               │││ Starting epic perles-auth.              ││                                             │
│User                                           ││                                          ││                                             │
│Start working on the auth epic                 │││ 14:31 WORKER.1 → COORDINATOR            ││                                             │
│                                               │││ Task .1 complete. Tests passing.        ││                                             │
│Coordinator                                    ││                                          ││Worker                                       │
│I'll start tasks .1 and .2 in parallel         │││ 14:32 USER → COORDINATOR                ││Adding JWT validation                        │
│since they have no dependencies.               │││ Add refresh token support               ││Processing...                                │
╰───────────────────────────────────────────────╯╰──────────────────────────────────────────╯╰─────────────────────────────────────────────╯
╭─ WORKER-1 ───────────────────────────────────────────────────────────────────────────────────────────────────────────────────────────────╮
│ > Type message to WORKER-1...                                                                                                            │
│                                                                                                                                          │
╰──────────────────────────────────────────────────────────────────────────────────────────────────────────────────────────────────────────╯