╭─ ○ COORDINATOR ────────────────────────╮╭─ MESSAGE LOG ──────────────────────╮╭─ ● WORKER-1 ─────────────────────────╮
│                                        ││                                    ││                                      │
│                                        ││                                    ││                                      │
│                                        ││                                    ││                                      │
│                                        ││                                    ││                                      │
│                                        ││                                    ││                                      │
│                                        ││                                    ││                                      │
│                                        ││                                    ││                                      │
│                                        ││                                    ││Worker                                │
│                                        ││                                    ││Reading auth/oauth.go                 │
│                                        ││                                    ││Found existing setup                  │
│                                        ││                                    ││Adding Google provider                │
│                                        ││                                    │╰──────────────────────────────────────╯
│                                        ││                                    │╭─ ○ WORKER-2 ─────────────────────────╮
│                                        ││                                    ││                                      │
│                                        ││                                    ││                                      │
│                                        ││                                    ││                                      │
│                                        ││                                    ││                                      │
│                                        ││                                    ││                                      │
│                                        ││                                    ││                                      │
│                                        ││                                    ││                                      │
│                                        ││                                    ││                                      │
│                                        ││                                    ││                                      │
│                                        ││                                    ││Worker                                │
│                                        ││                                    ││Task complete                         │
╰────────────────────────────────────────╯╰────────────────────────────────────╯╰──────────────────────────────────────╯
╭─ COORDINATOR ────────────────────────────────────────────────────────────────────────────────────────────────────────╮
│ > Type message to coordinator...                                                                                     │
│                                                                                                                      │
╰──────────────────────────────────────────────────────────────────────────────────────────────────────────────────────╯