                                                                                                                        
                                                                                                                        
                                                                                                                        
                                                                                                                        
                                                                                                                        
                                                                                                                        
                                                                                                                        
                                                                                                                        
                               ╔═══════╗   ╔═══════╗   ╔═══════╗   ╔═══════╗   ╔═══════╗                                
                               ║       ╠═══╣       ╠═══╣       ╠═══╣       ╠═══╣       ║                                
                               ║       ╠═══╣       ╠═══╣       ╠═══╣       ╠═══╣       ║                                
                               ╚═══════╝   ╚═══════╝   ╚═══════╝   ╚═══════╝   ╚═══════╝                                
                                                                                                                        
                                              Initializing Orchestration                                                
                                                                                                                        
                                                  ✓ Creating Worktree                                                   
                                                 ⠋ Creating Workspace                                                   
                                                  Spawning Coordinator                                                  
                                                    Coordinator Ready                                                   
                                                                                                                        
                                                                                                                        
                                                     [ESC] Cancel                                                       
                                                                                                                        
                                                                                                                        
                                                                                                                        
                                                                                                                        
                                                                                                                        
                                                                                                                        
                                                                                                                        
                                                                                                                        