                                                                                                                        
                                                                                                                        
                                                                                                                        
                                                                                                                        
                                                                                                                        
                                                                  \│/                                                   
                          ╔═══════╗   ╔═══════╗   ╔═══════╗   ╔════╲   │   ╱════╗   ╔═══════╗                           
                          ║       ╠═══╣       ╠═══╣       ╠═══╣     ╲  │  ╱     ╠═══╣       ║                           
                          ║       ╠═══╣       ╠═══╣       ╠═══╣     ╱  │  ╲     ╠═══╣       ║                           
                          ╚═══════╝   ╚═══════╝   ╚═══════╝   ╚════╱   │   ╲════╝   ╚═══════╝                           
                                                                  /│\                                                   
                                                                                                                        
                                               Initialization Timed Out                                                 
                                                                                                                        
                                                  ✓ Creating Worktree                                                   
                                                 ✓ Creating Workspace                                                   
                                                ✓ Spawning Coordinator                                                  
                                                  ✗ Coordinator Ready                                                   
                                                                                                                        
                                         The coordinator did not load in time.                                          
                                      This may indicate an API or network issue.                                        
                                                                                                                        
                                                                                                                        
                                          [R] Retry     [ESC] Exit to Kanban                                            
                                                                                                                        
                                                                                                                        
                                                                                                                        
                                                                                                                        
                                                                                                                        
                                                                                                                        