                                                                                                                        
                                                                                                                        
                                                                                                                        
                                                                                                                        
                                                                                                                        
                              \│/                                                                                       
                          ╔════╲   │   ╱════╗   ╔═══════╗   ╔═══════╗   ╔═══════╗   ╔═══════╗                           
                          ╣     ╲  │  ╱     ╠═══╣       ╠═══╣       ╠═══╣       ╠═══╣       ║                           
                          ╣     ╱  │  ╲     ╠═══╣       ╠═══╣       ╠═══╣       ╠═══╣       ║                           
                          ╚════╱   │   ╲════╝   ╚═══════╝   ╚═══════╝   ╚═══════╝   ╚═══════╝                           
                              /│\                                                                                       
                                                                                                                        
                                               Initialization Timed Out                                                 
                                                                                                                        
                                                  ✗ Creating Worktree                                                   
                                                   Creating Workspace                                                   
                                                  Spawning Coordinator                                                  
                                                    Coordinator Ready                                                   
                                                                                                                        
                          Worktree creation timed out after 30s. Git may be slow due to large                           
                               repository size, SSH key prompts, or NFS issues. Consider                                
                            increasing orchestration.timeouts.worktree_creation in config.                              
                                                                                                                        
                                                                                                                        
                                [R] Retry     [S] Skip (use current dir)     [ESC] Exit                                 
                                                                                                                        
                                                                                                                        
                                                                                                                        
                                                                                                                        
                                                                                                                        