╭─ ○ COORDINATOR ────────────────────────╮╭─ MESSAGE LOG ──────────────────────╮                                        
│                                        ││                                    │                                        
│                                        ││                                    │                                        
│                                        ││                                    │                                        
│                                        ││                                    │                                        
│                                        ││                                    │                                        
│                                        ││                                    │                                        
│                                        ││                                    │                                        
│                                        ││                                    │                                        
│                                        ││                                    │                                        
│                                        ││                                    │                                        
│                                        ││                                    │                                        
│                                        ││                                    │                                        
│                                        ││                                    │         No workers spawned yet         
│                                        ││                                    │                                        
│                                        ││                                    │                                        
│                                        ││                                    │                                        
│                                        ││                                    │                                        
│                                        ││                                    │                                        
│                                        ││                                    │                                        
│                                        ││                                    │                                        
│                                        ││                                    │                                        
│                                        ││                                    │                                        
│                                        ││                                    │                                        
│                                        ││                                    │                                        
╰────────────────────────────────────────╯╰────────────────────────────────────╯                                        
╭─ COORDINATOR ────────────────────────────────────────────────────────────────────────────────────────────────────────╮
│ [7m [27m                                                                                                                    │
│                                                                                                                      │
╰──────────────────────────────────────────────────────────────────────────────────────────────────────────────────────╯