╭─ ○ COORDINATOR (9000) ─────────────────╮╭─ MESSAGE LOG ──────────────────────╮╭─ ● WORKER-1 perles-abc.1 (impl) ─────╮
│                                        ││                                    ││                                      │
│                                        ││                                    ││                                      │
│                                        ││                                    ││                                      │
│                                        ││                                    ││                                      │
│                                        ││                                    ││                                      │
│                                        ││                                    ││                                      │
│                                        ││                                    ││                                      │
│                                        ││                                    ││Worker                                │
│                                        ││                                    ││Reading auth/oauth.go                 │
│                                        ││                                    ││Found existing setup                  │
│                                        ││                                    ││Adding Google provider                │
│                                        ││                                    │╰──────────────────────────────────────╯
│                                        ││                                    │╭─ ○ WORKER-2 ─────────────────────────╮
│                                        ││                                    ││                                      │
│                                        ││                                    ││                                      │
│                                        ││                                    ││                                      │
│                                        ││                                    ││                                      │
│                                        ││                                    ││                                      │
│                                        ││                                    ││                                      │
│                                        ││                                    ││                                      │
│                                        ││                                    ││                                      │
│                                        ││                                    ││                                      │
│                                        ││                                    ││Worker                                │
│                                        ││                                    ││Task complete                         │
╰────────────────────────────────────────╯╰────────────────────────────────────╯╰──────────────────────────────────────╯
╭─ COORDINATOR ────────────────────────────────────────────────────────────────────────────────────────────────────────╮
│ [7m [27m                                                                                                                    │
│                                                                                                                      │
╰──────────────────────────────────────────────────────────────────────────────────────────────────────────────────────╯