╭─ COMMAND LOG ────────────────────────────────────────────────────────────────────────────────────────────────────────╮
│                                                                                                                      │
│                                                                                                                      │
│                                                                                                                      │
│                                                                                                                      │
│                                                                                                                      │
│                                                                                                                      │
│                                                                                                                      │
│                                                                                                                      │
│                                                                                                                      │
│                                                                                                                      │
│                                                                                                                      │
│                                                                                                                      │
│                                                                                                                      │
│                                                                                                                      │
│                                                                                                                      │
│                                                                                                                      │
│                                                                                                                      │
│                                                                                                                      │
│                                                                                                                      │
│                                                                                                                      │
│14:30:00 [internal] spawn_process (bcdef012) ✓ (25ms)                                                                 │
│14:30:01 [mcp_tool] assign_task (bcdef012) ✓ (150ms)                                                                  │
│14:30:02 [user] send_to_process (bcdef012) ✗ worker not found (5ms)                                                   │
│14:30:03 [callback] report_complete (bcdef012) ✓ (1.2s)                                                               │
╰──────────────────────────────────────────────────────────────────────────────────────────────────────────────────────╯
╭─ Select fullscreen pane: ────────────────────────────────────────────────────────────────────────────────────────────╮
│ 1-N=workers  5=coordinator  6=messages  7=commands  esc=exit                                                         │
│                                                                                                                      │
╰──────────────────────────────────────────────────────────────────────────────────────────────────────────────────────╯