╭─ ○ COORDINATOR ──────────╮╭─ MESSAGE LOG ─────────╮╭─ ○ WORKER-1 ────────────╮
│                          ││                       ││                         │
│                          ││                       ││                         │
│                          ││                       ││                         │
│                          ││                       ││                         │
│                          ││                       ││                         │
│                          ││                       ││                         │
│                          ││                       ││                         │
│                          ││                       ││                         │
│                          ││                       ││                         │
│                          ││                       ││                         │
│                          ││                       ││                         │
│                          ││                       ││                         │
│                          ││                       ││                         │
│                          ││                       ││                         │
│                          ││                       ││                         │
│                          ││                       ││                         │
│User                      ││                       ││                         │
│Hello                     ││                       ││  Waiting for output...  │
╰──────────────────────────╯╰───────────────────────╯╰─────────────────────────╯
╭─ COORDINATOR ────────────────────────────────────────────────────────────────╮
│ > Type message to coordinator...                                             │
│                                                                              │
╰──────────────────────────────────────────────────────────────────────────────╯