╭─ ○ COORDINATOR ──────────╮╭─ MESSAGE LOG ─────────╮╭─ ○ WORKER-1 ────────────╮
│                          ││                       ││                         │
│                          ││                       ││                         │
│                          ││                       ││                         │
│                          ││                       ││                         │
│                          ││                       ││                         │
│                          ││                       ││                         │
│                          ││                       ││                         │
│                          ││                       ││                         │
│                          ││                       ││                         │
│                          ││                       ││                         │
│                          ││                       ││                         │
│                          ││                       ││                         │
│                          ││                       ││                         │
│                          ││                       ││                         │
│                          ││                       ││                         │
│                          ││                       ││                         │
│User                      ││                       ││                         │
│Hello                     ││                       ││  Waiting for output...  │
╰──────────────────────────╯╰───────────────────────╯╰─────────────────────────╯
╭─ COORDINATOR ────────────────────────────────────────────────────────────────╮
│ [7m [27m                                                                            │
│                                                                              │
╰──────────────────────────────────────────────────────────────────────────────╯