╭─ ● COORDINATOR ──────────────────────────────────────────────────────────────────────────────────────────────────────╮
│                                                                                                                      │
│                                                                                                                      │
│                                                                                                                      │
│                                                                                                                      │
│                                                                                                                      │
│                                                                                                                      │
│                                                                                                                      │
│                                                                                                                      │
│User                                                                                                                  │
│Start working on the auth epic                                                                                        │
│                                                                                                                      │
│Coordinator                                                                                                           │
│I'll analyze the epic and plan the execution. I see 4 tasks with dependencies.                                        │
│                                                                                                                      │
│Coordinator                                                                                                           │
│├╴ MCPSearch                                                                                                          │
│╰╴ MCPSearch                                                                                                          │
│                                                                                                                      │
│Coordinator                                                                                                           │
│Now I'll spawn workers for the ready tasks.                                                                           │
│                                                                                                                      │
│Coordinator                                                                                                           │
│├╴ mcp__perles-orchestrator__spawn_worker                                                                             │
│╰╴ mcp__perles-orchestrator__spawn_worker                                                                             │
╰──────────────────────────────────────────────────────────────────────────────────────────────────────────────────────╯
╭─ Select fullscreen pane: ────────────────────────────────────────────────────────────────────────────────────────────╮
│ 1-N=workers  5=coordinator  6=messages  7=commands  esc=exit                                                         │
│                                                                                                                      │
╰──────────────────────────────────────────────────────────────────────────────────────────────────────────────────────╯