 [E][P1][epic-1] Epic One ○                                                               3💬 2d ago
 ├─[T][P0][task-1] Task One ✓                                                                 2d ago
>└─[T][P2][task-2] Task Two ○─────────────────────────────────────────────────────────────1💬 2d ago
     └─[T][P2][subtask-1] Subtask One ●                                                   5💬 2d ago
