╭────────────────────────────╮  ╭─ commandpalette ─────────────────────────────────────────────────╮
│ Components                 │  │ ╭──────────────────────────────────────────────────────────╮     │
│ ────────────────────────── │  │ │ Demo Commands                          ↑/↓ • Enter • Esc │     │
│   vimtextarea              │  │ │──────────────────────────────────────────────────────────│     │
│   modal                    │  │ │ > Search commands...                                     │     │
│   formmodal                │  │ │──────────────────────────────────────────────────────────│     │
│   panes                    │  │ │>Create Issue                                             │     │
│   scrollpane               │  │ │  Open a new issue in the tracker                         │     │
│   colorpicker              │  │ │                                                          │     │
│   picker                   │  │ │ Search Files                                             │     │
│ ● commandpalette           │  │ │  Find files by name or content                           │     │
│   toaster                  │  │ │                                                          │     │
│   logoverlay               │  │ │ Run Tests                                                │     │
│   markdown                 │  │ │  Execute the test suite                                  │     │
│   chainart                 │  │ │                                                          │     │
│   issuebadge               │  │ │ Build Project                                            │     │
│   issueeditor              │  │ │  Compile the project                                     │     │
│   tabpane                  │  │ │                                                          │     │
│   table                    │  │ │ Deploy                                                   │     │
│   Theme Tokens             │  │ │  Deploy to staging environment                           │     │
│                            │  │ │                          ↓ more                          │     │
│                            │  │ ╰──────────────────────────────────────────────────────────╯     │
│                            │  │                                                                  │
│                            │  │                                                                  │
│                            │  │                                                                  │
│                            │  │                                                                  │
│                            │  │                                                                  │
│                            │  │                                                                  │
╰────────────────────────────╯  ╰──────────────────────────────────────────────────────────────────╯
Ctrl+C: Quit                                                                                        