╭────────────────────────────╮  ╭─ chainart ───────────────────────────────────────────────────────╮
│ Components                 │  │ State: Broken chain (default)                                    │
│ ────────────────────────── │  │                                                                  │
│   vimtextarea              │  │                             \│/                                  │
│   modal                    │  │ ╔═══════╗   ╔═══════╗   ╔════╲   │   ╱════╗   ╔═══════╗          │
│   formmodal                │  │╔═══════╗                                                         │
│   panes                    │  │ ║       ╠═══╣       ╠═══╣     ╲  │  ╱     ╠═══╣       ╠═══╣      │
│   scrollpane               │  │║                                                                 │
│   colorpicker              │  │ ║       ╠═══╣       ╠═══╣     ╱  │  ╲     ╠═══╣       ╠═══╣      │
│   picker                   │  │║                                                                 │
│   toaster                  │  │ ╚═══════╝   ╚═══════╝   ╚════╱   │   ╲════╝   ╚═══════╝          │
│   logoverlay               │  │╚═══════╝                                                         │
│   markdown                 │  │                             /│\                                  │
│ ● chainart                 │  │                                                                  │
│   issuebadge               │  │                                                                  │
│   Theme Tokens             │  │                                                                  │
│                            │  │                                                                  │
│                            │  │                                                                  │
│                            │  │                                                                  │
│                            │  │                                                                  │
│                            │  │                                                                  │
│                            │  │                                                                  │
│                            │  │                                                                  │
│                            │  │                                                                  │
│                            │  │                                                                  │
│                            │  │                                                                  │
╰────────────────────────────╯  ╰──────────────────────────────────────────────────────────────────╯
Tab: Switch panes  │  Ctrl+R: Reset  │  Ctrl+C: Quit                                                