╭──────────────────────────────────────────╮
│ Delete View                              │
│──────────────────────────────────────────│
│                                          │
│ Are you sure you want to delete?         │
│                                          │
│   Confirm      Cancel                    │
│                                          │
╰──────────────────────────────────────────╯