╭──────────────────────────────────────────╮
│ Create Item                              │
│──────────────────────────────────────────│
│                                          │
│ ╭─ Name ───────────────────────────────╮ │
│ │Enter name...                         │ │
│ ╰──────────────────────────────────────╯ │
│                                          │
│ ╭─ Color ──────────────────────────────╮ │
│ │#RRGGBB                               │ │
│ ╰──────────────────────────────────────╯ │
│                                          │
│   Save      Cancel                       │
│                                          │
╰──────────────────────────────────────────╯