╭──────────────────────────────────────────╮
│ New View                                 │
│──────────────────────────────────────────│
│                                          │
│ ╭─ View Name ──────────────────────────╮ │
│ │Enter view name...                    │ │
│ ╰──────────────────────────────────────╯ │
│                                          │
│   Save      Cancel                       │
│                                          │
╰──────────────────────────────────────────╯