╭─ BQL Search ───────────────────────────────────╮ ╭─ Issue Details ───────────────────────────────╮
│[7ms[27mtatus = closed                                 │ │                                               │
╰────────────────────────────────────────────────╯ │  Select an issue to view details              │
╭─ Results ──────────────────────────────────────╮ │                                               │
│                                                │ │                                               │
│  No results found                              │ │                                               │
│                                                │ │                                               │
│                                                │ │                                               │
│                                                │ │                                               │
│                                                │ │                                               │
│                                                │ │                                               │
│                                                │ │                                               │
│                                                │ │                                               │
│                                                │ │                                               │
│                                                │ │                                               │
│                                                │ │                                               │
│                                                │ │                                               │
│                                                │ │                                               │
│                                                │ │                                               │
│                                                │ │                                               │
│                                                │ │                                               │
│                                                │ │                                               │
│                                                │ │                                               │
│                                                │ │                                               │
│                                                │ │                                               │
│                                                │ │                                               │
│                                                │ │                                               │
│                                                │ │                                               │
│                                                │ │                                               │
╰────────────────────────────────────────────────╯ ╰───────────────────────────────────────────────╯