╭─ BQL Search ─────────────────────────╮ ╭─ Issue Details ─────────────────────╮
│[7m [27m                                     │ │ [F][P1][bd-a1b] Implement webhook   │
╰──────────────────────────────────────╯ │system                               │
╭─ Results (1) ────────────────────────╮ │ Status: Open                        │
│>[F][P1][bd-a1b] Implement webhook    │ │ No description                      │
│system                                │ │                                     │
│                                      │ │                                     │
│                                      │ │                                     │
│                                      │ │                                     │
│                                      │ │                                     │
│                                      │ │                                     │
│                                      │ │                                     │
│                                      │ │                                     │
│                                      │ │                                     │
│                                      │ │                                     │
│                                      │ │                                     │
│                                      │ │                                     │
│                                      │ │                                     │
│                                      │ │                                     │
│                                      │ │                                     │
│                                      │ │                                     │
│                                      │ │                                     │
│                                      │ │ [j/k] Scroll  [Shift+L] Edit Labels │
╰──────────────────────────────────────╯ ╰─────────────────────────────────────╯