╭─ BQL Search ───────────────────────────────────╮ ╭─ Issue Details ───────────────────────────────╮
│[7ms[27mtatus = open                                   │ │                                               │
╰────────────────────────────────────────────────╯ │  Select an issue to view details              │
╭────────────────────────────────────────────────╮ │                                               │
│                                                │ │                                               │
│  No results found     ╭──────────────────────────────────────────────────╮                       │
│                       │ Create New View                                  │                       │
│                       │──────────────────────────────────────────────────│                       │
│                       │                                                  │                       │
│                       │ ╭─ View Name (required) ───────────────────────╮ │                       │
│                       │ │View name                                     │ │                       │
│                       │ ╰──────────────────────────────────────────────╯ │                       │
│                       │                                                  │                       │
│                       │ ╭─ Column Name (optional) ─────────────────────╮ │                       │
│                       │ │defaults to view name                         │ │                       │
│                       │ ╰──────────────────────────────────────────────╯ │                       │
│                       │                                                  │                       │
│                       │ ╭─ Color (Enter to change) ────────────────────╮ │                       │
│                       │ │   #73F59F                                    │ │                       │
│                       │ ╰──────────────────────────────────────────────╯ │                       │
│                       │                                                  │                       │
│                       │     Save       Cancel                            │                       │
│                       │                                                  │                       │
│                       ╰──────────────────────────────────────────────────╯                       │
│                                                │ │                                               │
│                                                │ │                                               │
│                                                │ │                                               │
│                                                │ │                                               │
│                                                │ │                                               │
╰────────────────────────────────────────────────╯ ╰───────────────────────────────────────────────╯