╭─ BQL Search ─────────────────────────────────────────────────────────────────────────────────────╮ ╭─ Issue Details ─────────────────────────────────────────────────────────────────────────────────╮
│[7m [27m                                                                                                 │ │ [F][P1][bd-a1b] Implement webhook system                           │  Type      Feature         │
╰──────────────────────────────────────────────────────────────────────────────────────────────────╯ │                                                                    │  ───────────────────────── │
╭─ Results (2) ────────────────────────────────────────────────────────────────────────────────────╮ │ No description                                                     │  Priority  P1              │
│>[F][P1][bd-a1b] Implement webhook system                                                         │ │                                                                    │  Status    Open            │
│ [B][P0][bd-c2d] Fix crash on startup                                                             │ │                                                                    │  ───────────────────────── │
│                                                                                                  │ │                                                                    │  Created   0001-01-01      │
│                                                                                                  │ │                                                                    │                            │
│                                                                                                  │ │                                                                    │                            │
│                                                                                                  │ │                                                                    │                            │
│                                                                                                  │ │                                                                    │                            │
│                                                                                                  │ │                                                                    │                            │
│                                                                                                  │ │                                                                    │                            │
│                                                                                                  │ │                                                                    │                            │
│                                                                                                  │ │                                                                    │                            │
│                                                                                                  │ │                                                                    │                            │
│                                                                                                  │ │                                                                    │                            │
│                                                                                                  │ │                                                                    │                            │
│                                                                                                  │ │                                                                    │                            │
│                                                                                                  │ │                                                                    │                            │
│                                                                                                  │ │                                                                    │                            │
│                                                                                                  │ │                                                                    │                            │
│                                                                                                  │ │                                                                    │                            │
│                                                                                                  │ │                                                                    │                            │
│                                                                                                  │ │                                                                    │                            │
│                                                                                                  │ │                                                                    │                            │
│                                                                                                  │ │                                                                    │                            │
│                                                                                                  │ │                                                                    │                            │
│                                                                                                  │ │                                                                    │                            │
│                                                                                                  │ │                                                                    │                            │
│                                                                                                  │ │                                                                    │                            │
│                                                                                                  │ │                                                                    │                            │
│                                                                                                  │ │                                                                    │                            │
│                                                                                                  │ │                                                                    │                            │
│                                                                                                  │ │                                                                    │                            │
│                                                                                                  │ │                                                                    │                            │
│                                                                                                  │ │                                                                    │                            │
│                                                                                                  │ │                                                                    │                            │
│                                                                                                  │ │ [j/k] Scroll  [Shift+L] Edit Labels  [d] Delete Issue  [Esc] Back  │                            │
╰──────────────────────────────────────────────────────────────────────────────────────────────────╯ ╰─────────────────────────────────────────────────────────────────────────────────────────────────╯