╭─ BQL Search ───────────────────────────────────╮ ╭─ Issue Details ───────────────────────────────╮
│[7m [27m                                               │ │ [F][P1][bd-a1b] Implement webhook system      │
╰────────────────────────────────────────────────╯ │ Status: Open                                  │
╭─ Results (3) ──────────────────────────────────╮ │ No description                                │
│>[F][P1][bd-a1b] Implement webhook system       │ │                                               │
│ [B][P0][bd-c2d] Fix crash on startup           │ │                                               │
│ [T][P2][bd-e3f] Add unit tests                 │ │                                               │
│                                                │ │                                               │
│                                                │ │                                               │
│                                                │ │                                               │
│                                                │ │                                               │
│                                                │ │                                               │
│                                                │ │                                               │
│                                                │ │                                               │
│                                                │ │                                               │
│                                                │ │                                               │
│                                                │ │                                               │
│                                                │ │                                               │
│                                                │ │                                               │
│                                                │ │                                               │
│                                                │ │                                               │
│                                                │ │                                               │
│                                                │ │                                               │
│                                                │ │                                               │
│                                                │ │                                               │
│                                                │ │                                               │
│                                                │ │                                               │
│                                                │ │                                               │
│                                                │ │ [j/k] Scroll  [Shift+L] Edit Labels  [d]      │
╰────────────────────────────────────────────────╯ ╰───────────────────────────────────────────────╯