╭─ BQL Search ───────────────────────────────────╮ ╭─ Issue Details ───────────────────────────────╮
│[7mi[27mnvalid query syntax ===                        │ │                                               │
╰────────────────────────────────────────────────╯ │  Select an issue to view details              │
╭─ Results ──────────────────────────────────────╮ │                                               │
│                                                │ │                                               │
│  Error: syntax error: unexpected token         │ │                                               │
│                                                │ │                                               │
│                                                │ │                                               │
│                                                │ │                                               │
│                                                │ │                                               │
│                                                │ │                                               │
│                                                │ │                                               │
│                                                │ │                                               │
│                                                │ │                                               │
│                                                │ │                                               │
│                                                │ │                                               │
│                                                │ │                                               │
│                                                │ │                                               │
│                                                │ │                                               │
│                                                │ │                                               │
│                                                │ │                                               │
│                                                │ │                                               │
│                                                │ │                                               │
│                                                │ │                                               │
│                                                │ │                                               │
│                                                │ │                                               │
│                                                │ │                                               │
│                                                │ │                                               │
│                                                │ │                                               │
╰────────────────────────────────────────────────╯ ╰───────────────────────────────────────────────╯