╭─ Title ─────────────────────────────── Status ─╮
│Centered content                                │
│                                                │
│                                                │
│                                                │
│                                                │
╰─ Help: ? ─────────────────────────────── 1/10 ─╯