╭─ Workflows ──────────────────────────────────────────────────────────────────────────────────────────────────── [+] ─╮
│🔔 🔒 Status    Name                EpicID           WorkDir                 Workers  Health   Uptime   Started       │
│      RUNNING   Build authentica... -                ·                       2        ❤️ 0s    -        -             │
│                                                                                                                      │
│                                                                                                                      │
│                                                                                                                      │
│                                                                                                                      │
│                                                                                                                      │
│                                                                                                                      │
│      ╭───────────────────────────────────────────────────────────────────────────────────────────────────────╮       │
│      │  Dashboard Help                                                                                       │       │
│      │───────────────────────────────────────────────────────────────────────────────────────────────────────│       │
│      │                                                                                                       │       │
╰──────│  Navigation                     Workflow Actions                    Epic Tree                         │───────╯
 No epi│  k/↑        move up             s          start/resume workflow    ctrl+e     edit issue             │        
╭──────│  j/↓        move down           x          pause workflow           c          add comment (details)  │───────╮
│j/k na│  g          go to first         n          new workflow             y          copy ID/description    │       │
╰──────│  G          go to last          ?          toggle help              h/l        tree ↔ details         │───────╯
       │  Tab        cycle focus zone    q          quit                     enter      refocus on node        │        
       │                                                                     d          toggle direction       │        
       │                                                                     m          toggle mode            │        
       │                                                                                                       │        
       │                                                                                                       │        
       │  Press ? or Esc to close                                                                              │        
       ╰───────────────────────────────────────────────────────────────────────────────────────────────────────╯        
                                                                                                                        
                                                                                                                        
                                                                                                                        
                                                                                                                        
                                                                                                                        
                                                                                                                        
                                                                                                                        
                                                                                                                        
                                                                                                                        
                                                                                                                        