╭─ Workflows ──────────────────────────────────────────────╮╭─ ○ Coord ─ Msgs ─────────────────────────────────────────╮
│🔔 Status    Name               Workers  Health   Uptime  ││                                                          │
│   RUNNING   Running workflo... 2        ❤️ 0s    -       ││                                                          │
│   PENDING   Another workflow   0        -        -       ││                                                          │
│                                                          ││                                                          │
│                                                          ││                                                          │
│                                                          ││                                                          │
│                                                          ││                                                          │
╰──────────────────────────────────────────────────────────╯│                                                          │
 No epic associated with this workflow                      │                                                          │
                                                            │                                                          │
                                                            │                                                          │
                                                            │                                                          │
                                                            │ Waiting for the coordinator to initialize.               │
                                                            │                                                          │
                                                            ╰──────────────────────────────────────────────────────────╯
                                                            ╭──────────────────────────────────────────────────────────╮
                                                            │ Message coordinator...                                   │
                                                            │                                                          │
                                                            │                                                          │
                                                            │                                                          │
                                                            ╰─ [INSERT] ───────────────────────────────────────────────╯
╭──────────────────────────────────────────────────────────────────────────────────────────────────────────────────────╮
│j/k nav  tab cycle  n new  s start  x stop  ? help  q quit                                                            │
╰──────────────────────────────────────────────────────────────────────────────────────────────────────────────────────╯