╭─ Workflows ──────────────────────────────────────────────────────────────────────────────────────╮
│🔔 Status    Name                                      EpicID           Workers  Health   Uptime  │
│   RUNNING   Running workflow                          -                2        ❤️ 0s    -       │
│                                                                                                  │
│                                                                                                  │
│                                                                                                  │
│                                                                                                  │
│                                                                                                  │
╰──────────────────────────────────────────────────────────────────────────────────────────────────╯
 No epic associated with this workflow                                                              
╭──────────────────────────────────────────────────────────────────────────────────────────────────╮
│j/k nav  tab cycle  n new  s start  x stop  ? help  q quit                                        │
╰──────────────────────────────────────────────────────────────────────────────────────────────────╯
                                                                                                    
                                                                                                    
                                                                                                    
                                                                                                    
                                                                                                    
                                                                                                    
                                                                                                    