╭─────────────────────────────────────────────────────────────────╮
│ New Workflow                                                    │
│─────────────────────────────────────────────────────────────────│
│                                                                 │
│ [1009z╭─ Template (required) ──────────────────────────────────────╮  │
│ │ Cook                                                       │  │
│ │ Implementation workflow                                    │  │
│ ╰────────────────────────────────────────────────────────────╯[1009z  │
│                                                                 │
│ [1010z╭─ Name (optional) ──────────────────────────────────────────╮  │
│ │Workflow name (defaults to template name)                   │  │
│ ╰────────────────────────────────────────────────────────────╯[1010z  │
│                                                                 │
│                      ⠋ Creating workflow...                     │
│                                                                 │
╰─────────────────────────────────────────────────────────────────╯