╭──────────────────────────────────────────────────────────────────────────────────────────────────╮     
│#   Status    Name        WorkDir         Workers  Tokens   Health   Uptime   Started        EpicID    │
│1   RUNNING   Small to... ·               1        500      ❤️ 0s    -        -              -         │
│2   RUNNING   Medium t... ·               2        50.0K    ❤️ 0s    -        -              -         │
│3   RUNNING   Large to... ·               3        2.5M     ❤️ 0s    -        -              -         │
│                                                                                                  │     
│                                                                                                  │     
│                                                                                                  │     
│                                                                                                  │     
│                                                                                                  │     
│                                                                                                  │     
│                                                                                                  │     
│                                                                                                  │     
│                                                                                                  │     
│                                                                                                  │     
│                                                                                                  │     
│                                                                                                  │     
│                                                                                                  │     
│                                                                                                  │     
│                                                                                                  │     
│                                                                                                  │     
│                                                                                                  │     
│                                                                                                  │     
│                                                                                                  │     
│                                                                                                  │     
│                                                                                                  │     
╰──────────────────────────────────────────────────────────────────────────────────────────────────╯     
╭──────────────────────────────────────────────────────────────────────────────────────────────────╮     
│[x] stop  [n] new  [?] help  [q] quit                                                             │     
╰──────────────────────────────────────────────────────────────────────────────────────────────────╯     