╭────────────────────────────────────────────────────────────────────────────────────────╮            
│#   Status    Name       WorkDir         Workers  Tokens   Health   Uptime   Started        EpicID  │
│1   RUNNING   Running... ·               1        50.0K    ❤️ 0s    5m       12/13 11:55AM  -       │
│                                                                                        │            
│                                                                                        │            
│                                                                                        │            
│                                                                                        │            
│                                                                                        │            
│                                                                                        │            
│                                                                                        │            
│                                                                                        │            
│                                                                                        │            
│                                                                                        │            
│                                                                                        │            
│                                                                                        │            
│                                                                                        │            
╰────────────────────────────────────────────────────────────────────────────────────────╯            
╭────────────────────────────────────────────────────────────────────────────────────────╮            
│[x] stop  [n] new  [?] help  [q] quit                                                   │            
╰────────────────────────────────────────────────────────────────────────────────────────╯            