╭──────────────────────────────────────────────────────────────────────────────────────────────────╮     
│#   Status    Name        WorkDir         Workers  Tokens   Health   Uptime   Started        EpicID    │
│1   RUNNING   Build au... ·               3        125.0K   ❤️ 0s    -        -              -         │
│2   PAUSED    Auth tok... ·               1        45.0K    -        -        -              -         │
│                                                                                                  │     
│                                                                                                  │     
│                                                                                                  │     
│                                                                                                  │     
│                                                                                                  │     
│                                                                                                  │     
│                                                                                                  │     
│                                                                                                  │     
│                                                                                                  │     
│                                                                                                  │     
│                                                                                                  │     
│                                                                                                  │     
│                                                                                                  │     
│                                                                                                  │     
│                                                                                                  │     
│                                                                                                  │     
│                                                                                                  │     
│                                                                                                  │     
│                                                                                                  │     
│                                                                                                  │     
│                                                                                                  │     
│                                                                                                  │     
╰──────────────────────────────────────────────────────────────────────────────────────────────────╯     
╭──────────────────────────────────────────────────────────────────────────────────────────────────╮     
│[x] stop  [n] new  [?] help  [q] quit                                                             │     
╰──────────────────────────────────────────────────────────────────────────────────────────────────╯     