╭─ Workflows ──────────────────────────────────────────────────────────────────────────────────────────────────────────╮
│🔔 Status    Name                   EpicID           WorkDir                 Workers  Health   Uptime   Started       │
│   RUNNING   Workflow with epic     epic-123         ·                       2        ❤️ 0s    -        -             │
│   PENDING   Another workflow       epic-456         ·                       0        -        -        -             │
│                                                                                                                      │
│                                                                                                                      │
│                                                                                                                      │
│                                                                                                                      │
│                                                                                                                      │
│                                                                                                                      │
│                                                                                                                      │
│                                                                                                                      │
│                                                                                                                      │
│                                                                                                                      │
│                                                                                                                      │
│                                                                                                                      │
│                                                                                                                      │
│                                                                                                                      │
│                                                                                                                      │
│                                                                                                                      │
│                                                                                                                      │
│                                                                                                                      │
│                                                                                                                      │
│                                                                                                                      │
│                                                                                                                      │
│                                                                                                                      │
╰──────────────────────────────────────────────────────────────────────────────────────────────────────────────────────╯
╭──────────────────────────────────────────────────────────────────────────────────────────────────────────────────────╮
│j/k nav  enter chat  n new  s start  x stop  t tree  ? help  q quit                                                   │
╰──────────────────────────────────────────────────────────────────────────────────────────────────────────────────────╯