╭──────────────────────────────────────────────────────────────────────────────────────────────────╮         
│#   Status    Name       EpicID           WorkDir                 Workers  Health   Uptime   Started       │
│1   RUNNING   Small t... -                ·                       1        ❤️ 0s    -        -             │
│2   RUNNING   Medium ... -                ·                       2        ❤️ 0s    -        -             │
│3   RUNNING   Large t... -                ·                       3        ❤️ 0s    -        -             │
│                                                                                                  │         
│                                                                                                  │         
│                                                                                                  │         
│                                                                                                  │         
│                                                                                                  │         
│                                                                                                  │         
│                                                                                                  │         
│                                                                                                  │         
│                                                                                                  │         
│                                                                                                  │         
│                                                                                                  │         
│                                                                                                  │         
│                                                                                                  │         
│                                                                                                  │         
│                                                                                                  │         
│                                                                                                  │         
│                                                                                                  │         
│                                                                                                  │         
│                                                                                                  │         
│                                                                                                  │         
│                                                                                                  │         
╰──────────────────────────────────────────────────────────────────────────────────────────────────╯         
╭──────────────────────────────────────────────────────────────────────────────────────────────────╮         
│[x] stop  [n] new  [?] help  [q] quit                                                             │         
╰──────────────────────────────────────────────────────────────────────────────────────────────────╯         