╭─ [1001z? Coord[1001z ─ [1002z? Obs[1002z ─ [1003zMsgs[1003z ─────────────────────────────────╮
│                                                          │
│                                                          │
│                                                          │
│                                                          │
│                                                          │
│                                                          │
│                                                          │
│                                                          │
│                                                          │
│                                                          │
│                                                          │
│No inter-agent messages yet.                              │
╰──────────────────────────────────────────────────────────╯
[1004z╭──────────────────────────────────────────────────────────╮
│ Message coordinator...                                   │
│                                                          │
│                                                          │
│                                                          │
╰──────────────────────────────────────── DM: Coordinator ─╯[1004z