╭─ Workflows ─────────────────────────────────────────╮╭─ ● Coord ─ Msgs ──────────────────────────────────────────────╮
│🔔 🔒 Status    Name       Workers  Health   Uptime  ││                                                               │
│      RUNNING   Workflo... 2        ❤️ 0s    -       ││                                                               │
│                                                     ││                                                               │
│                                                     ││                                                               │
│                                                     ││User                                                           │
│                                                     ││Start working on the authentication feature                    │
│                                                     ││                                                               │
╰─────────────────────────────────────────────────────╯│Coordinator                                                    │
 No epic associated with this workflow                 │I'll begin implementing the authentication feature. First,     │
                                                       │let me analyze the codebase.                                   │
                                                       │                                                               │
                                                       │Coordinator                                                    │
                                                       │╰╴ Looking at the middleware...                                │
                                                       │                                                               │
                                                       ╰───────────────────────────────────────────────────────────────╯
                                                       ╭───────────────────────────────────────────────────────────────╮
                                                       │ Message coordinator...                                        │
                                                       │                                                               │
                                                       │                                                               │
                                                       │                                                               │
                                                       ╰─ [INSERT] ────────────────────────────────────────────────────╯
╭──────────────────────────────────────────────────────────────────────────────────────────────────────────────────────╮
│j/k nav  tab cycle  n new  s start  x pause  ? help  q quit                                                           │
╰──────────────────────────────────────────────────────────────────────────────────────────────────────────────────────╯