╭──────────────────────────────────────────────────────────────────────────────────────────────────────────────────────╮
│#   Status    Name                  EpicID           WorkDir                 Workers  Health   Uptime   Started       │
│1   RUNNING   Worktree workflow     -                🌳 feature-branch       2        ❤️ 0s    -        -             │
│2   PENDING   Custom workdir wor... -                project                 0        -        -        -             │
│3   RUNNING   Current directory ... -                ·                       1        ❤️ 0s    -        -             │
│                                                                                                                      │
│                                                                                                                      │
│                                                                                                                      │
│                                                                                                                      │
│                                                                                                                      │
│                                                                                                                      │
│                                                                                                                      │
│                                                                                                                      │
│                                                                                                                      │
│                                                                                                                      │
│                                                                                                                      │
╰──────────────────────────────────────────────────────────────────────────────────────────────────────────────────────╯
╭──────────────────────────────────────────────────────────────────────────────────────────────────────────────────────╮
│[x] stop  [n] new  [?] help  [q] quit                                                                                 │
╰──────────────────────────────────────────────────────────────────────────────────────────────────────────────────────╯