╭──────────────────────────────────────────────────────────────────────────────╮                      
│#   Status    Name       WorkDir         Workers  Tokens   Health   Uptime   Started        EpicID  │
│1   RUNNING   Build a... ·               2        50.0K    ❤️ 0s    -        -              -       │
│2   PENDING   Fix bug    ·               0        -        -        -        -              -       │
│                                                                              │                      
│                                                                              │                      
│                                                                              │                      
│                                                                              │                      
│                                                                              │                      
│                                                                              │                      
│                                                                              │                      
│                                                                              │                      
│                                                                              │                      
│                                                                              │                      
│                                                                              │                      
│                                                                              │                      
│                                                                              │                      
│                                                                              │                      
│                                                                              │                      
│                                                                              │                      
╰──────────────────────────────────────────────────────────────────────────────╯                      
╭──────────────────────────────────────────────────────────────────────────────╮                      
│[x] stop  [n] new  [?] help  [q] quit                                         │                      
╰──────────────────────────────────────────────────────────────────────────────╯                      