╭─ [1001z? Coord[1001z ─ [1002zMsgs[1002z ─────────────────────────────────────────╮
│                                                          │
│                                                          │
│                                                          │
│                                                          │
│                                                          │
│                                                          │
│                                                          │
│                                                          │
│                                                          │
│                                                          │
│                                                          │
│No inter-agent messages yet.                              │
╰──────────────────────────────────────────────────────────╯
[1003z╭──────────────────────────────────────────────────────────╮
│ Message coordinator...                                   │
│                                                          │
│                                                          │
│                                                          │
╰──────────────────────────────────────────────────────────╯[1003z