╭──────────────────────────────────────────────────────────────────────────────────────────────────╮         
│#   Status    Name       EpicID           WorkDir                 Workers  Health   Uptime   Started       │
│1   RUNNING   Build a... -                ·                       3        ❤️ 0s    -        -             │
│2   PENDING   Fix pay... -                ·                       0        -        -        -             │
│3   PAUSED    Refacto... -                ·                       1        -        -        -             │
│4   COMPLETED Deploy ... -                ·                       0        -        -        -             │
│5   FAILED    Integra... -                ·                       0        -        -        -             │
│                                                                                                  │         
│                                                                                                  │         
│                                                                                                  │         
│                                                                                                  │         
│                                                                                                  │         
│                                                                                                  │         
│                                                                                                  │         
│                                                                                                  │         
│                                                                                                  │         
│                                                                                                  │         
│                                                                                                  │         
│                                                                                                  │         
│                                                                                                  │         
│                                                                                                  │         
│                                                                                                  │         
│                                                                                                  │         
│                                                                                                  │         
│                                                                                                  │         
│                                                                                                  │         
╰──────────────────────────────────────────────────────────────────────────────────────────────────╯         
╭──────────────────────────────────────────────────────────────────────────────────────────────────╮         
│[x] stop  [n] new  [?] help  [q] quit                                                             │         
╰──────────────────────────────────────────────────────────────────────────────────────────────────╯         