╭─ Workflows ──────────────────────────────────────────────────────────────────────────────────────╮
│                                                                                                  │
│                                                                                                  │
│                                                                                                  │
│                                                                                                  │
│                                                                                                  │
│                                                                                                  │
│                                                                                                  │
│                                                                                                  │
│                                                                                                  │
│                                                                                                  │
│                                                                                                  │
│               ╭─────────────────────────────────────────────────────────────────╮                │
│               │ New Workflow                                                    │                │
│               │─────────────────────────────────────────────────────────────────│                │
│               │                                                                 │                │
│               │ ╭─ Template (required) ──────────────────────────────────────╮  │                │
│               │ │ Cook                                                       │  │                │
│               │ │ Full implementation workflow with review                   │  │                │
│               │ ╰────────────────────────────────────────────────────────────╯  │                │
│               │                                                                 │                │
│               │ ╭─ Name (optional) ──────────────────────────────────────────╮  │                │
│               │ │Workflow name (defaults to template name)                   │  │                │
│               │ ╰────────────────────────────────────────────────────────────╯  │                │
│               │                                                                 │                │
│               │    Create      Cancel                                           │                │
│               │                                                                 │                │
│               ╰─────────────────────────────────────────────────────────────────╯                │
│                                                                                                  │
│                                                                                                  │
│                                                                                                  │
│                                                                                                  │
│                                                                                                  │
│                                                                                                  │
│                                                                                                  │
│                                                                                                  │
╰──────────────────────────────────────────────────────────────────────────────────────────────────╯
╭──────────────────────────────────────────────────────────────────────────────────────────────────╮
│[s] start  [x] stop  [n] new  [?] help  [q] quit                                                  │
╰──────────────────────────────────────────────────────────────────────────────────────────────────╯