╭─ Workflows ───────────────────────────────╮       
│🔔 Status    Name       Workers  Health   Uptime  │
│   RUNNING   Workflow   1        ❤️ 0s    -       │
│                                           │       
│                                           │       
│                                           │       
│                                           │       
│                                           │       
│                                           │       
│                                           │       
│                                           │       
╰───────────────────────────────────────────╯       
 Terminal too narrow for tree view (need 50+ chars) 
╭───────────────────────────────────────────╮       
│j/k nav  tab cycle  n new  s start  x stop │       
╰───────────────────────────────────────────╯       
                                                    
                                                    
                                                    
                                                    
                                                    
                                                    
                                                    
                                                    
                                                    
                                                    
                                                    
                                                    
                                                    
                                                    