╭─ Workflows ──────────────────────────────────────────────────────────────────────────────────────╮
│🔔 Status    Name                                      EpicID           Workers  Health   Uptime  │
│   RUNNING   Build authentication system               -                3        ❤️ 0s    -       │
│   PENDING   Fix payment processing bug                -                0        -        -       │
│   PAUSED    Refactor database layer                   -                1        -        -       │
│   COMPLETED Deploy to production                      -                0        -        -       │
│   FAILED    Integration test failure investigation    -                0        -        -       │
│                                                                                                  │
│                                                                                                  │
│                                                                                                  │
│                                                                                                  │
╰──────────────────────────────────────────────────────────────────────────────────────────────────╯
 No epic associated with this workflow                                                              
╭──────────────────────────────────────────────────────────────────────────────────────────────────╮
│j/k nav  tab cycle  n new  s start  x stop  ? help  q quit                                        │
╰──────────────────────────────────────────────────────────────────────────────────────────────────╯
                                                                                                    
                                                                                                    
                                                                                                    
                                                                                                    
                                                                                                    
                                                                                                    
                                                                                                    
                                                                                                    
                                                                                                    
                                                                                                    
                                                                                                    
                                                                                                    
                                                                                                    
                                                                                                    