╭──────────────────────────────────────────────────────────────────────────────────────────────────╮         
│#   Status    Name       EpicID           WorkDir                 Workers  Health   Uptime   Started       │
│1   RUNNING   This is... -                ·                       2        ❤️ 0s    -        -             │
│2   PENDING   Another... -                ·                       0        -        -        -             │
│                                                                                                  │         
│                                                                                                  │         
│                                                                                                  │         
│                                                                                                  │         
│                                                                                                  │         
│                                                                                                  │         
│                                                                                                  │         
│                                                                                                  │         
│                                                                                                  │         
│                                                                                                  │         
│                                                                                                  │         
│                                                                                                  │         
│                                                                                                  │         
│                                                                                                  │         
│                                                                                                  │         
│                                                                                                  │         
│                                                                                                  │         
│                                                                                                  │         
│                                                                                                  │         
│                                                                                                  │         
│                                                                                                  │         
│                                                                                                  │         
╰──────────────────────────────────────────────────────────────────────────────────────────────────╯         
╭──────────────────────────────────────────────────────────────────────────────────────────────────╮         
│[x] stop  [n] new  [?] help  [q] quit                                                             │         
╰──────────────────────────────────────────────────────────────────────────────────────────────────╯         