╭─ Workflows ──────────────────────────────────────────────────────────────────────────────────────╮
│                                                                                                  │
│                                                                                                  │
│                                                                                                  │
│                                                                                                  │
│                                                                                                  │
│                                                                                                  │
│                                                                                                  │
│                                                                                                  │
│                                                                                                  │
│                                                                                                  │
│                                                                                                  │
│               ╭─────────────────────────────────────────────────────────────────╮                │
│               │ New Workflow                                                    │                │
│               │─────────────────────────────────────────────────────────────────│                │
│               │                                                                 │                │
│               │ ╭─ Template (required) ──────────────────────────────────────╮  │                │
│               │ │ Cook                                                       │  │                │
│               │ │ Full implementation workflow with review                   │  │                │
│               │ ╰────────────────────────────────────────────────────────────╯  │                │
│               │                                                                 │                │
│               │ ╭─ Name (optional) ──────────────────────────────────────────╮  │                │
│               │ │Workflow name (defaults to template name)                   │  │                │
│               │ ╰────────────────────────────────────────────────────────────╯  │                │
│               │                                                                 │                │
│               │    Create      Cancel                                           │                │
│               │                                                                 │                │
│               ╰─────────────────────────────────────────────────────────────────╯                │
│                                                                                                  │
│                                                                                                  │
│                                                                                                  │
│                                                                                                  │
│                                                                                                  │
│                                                                                                  │
│                                                                                                  │
│                                                                                                  │
╰──────────────────────────────────────────────────────────────────────────────────────────────────╯
╭──────────────────────────────────────────────────────────────────────────────────────────────────╮
│j/k nav  tab cycle  n new  s start  x stop  ? help  q quit                                        │
╰──────────────────────────────────────────────────────────────────────────────────────────────────╯