                                                                                                    
                                                                                                    
                                                                                                    
                                                                                                    
                                                                                                    
                                                                                                    
                                                                                                    
                                                                                                    
                ╭─────────────────────────────────────────────────────────────────╮                 
                │ New Workflow                                                    │                 
                │─────────────────────────────────────────────────────────────────│                 
                │                                                                 │                 
                │ ╭─ Template (required) ───────────────────────────────────────╮ │                 
                │ │ Quick Plan                                                  │ │                 
                │ │ Fast planning workflow for rapid iteration                  │ │                 
                │ ╰─────────────────────────────────────────────────────────────╯ │                 
                │                                                                 │                 
                │ ╭─ Name (optional) ───────────────────────────────────────────╮ │                 
                │ │Workflow name (defaults to template name)                    │ │                 
                │ ╰─────────────────────────────────────────────────────────────╯ │                 
                │                                                                 │                 
                │ ╭─ Goal (required) ───────────────────────────────────────────╮ │                 
                │ │What should this workflow accomplish?                        │ │                 
                │ │                                                             │ │                 
                │ │                                                             │ │                 
                │ │                                                             │ │                 
                │ │                                                             │ │                 
                │ ╰─────────────────────────────────────────────────────────────╯ │                 
                │                                                                 │                 
                │    Create      Cancel                                           │                 
                │                                                                 │                 
                ╰─────────────────────────────────────────────────────────────────╯                 
                                                                                                    
                                                                                                    
                                                                                                    
                                                                                                    
                                                                                                    
                                                                                                    
                                                                                                    
                                                                                                    