╭─ Chat ─ Sessions ─ Workflows ────────────────────────────╮
│                                                          │
│                                                          │
│                                                          │
│                                                          │
│                                                          │
│                                                          │
│                                                          │
│You                                                       │
│Please help me                                            │
│                                                          │
│Assistant                                                 │
│Let me think...                                           │
╰──────────────────────────────────────────────────────────╯
╭──────────────────────────────────────────────────────────╮
│                                                          │
│                                                          │
│                                                          │
│                                                          │
╰──────────────────────────────────────────────────────────╯