╭─ Chat ─ Sessions ─ Workflows ────────────────────────────╮
│+ Create new session                                      │
│                                                          │
│                                                          │
│                                                          │
│                                                          │
│                                                          │
│                                                          │
│                                                          │
│                                                          │
│                                                          │
│                                                          │
│                                                          │
╰──────────────────────────────────────────────────────────╯
╭──────────────────────────────────────────────────────────╮
│                                                          │
│                                                          │
│                                                          │
│                                                          │
╰─ [INSERT] ───────────────────────────────────────────────╯