╭─ Chat ─ Sessions ─ Workflows ────────────────────────────╮
│+ Create new session                                      │
│○ session-1* (2 msgs) - Ready                             │
│● session-2  (1 msgs) - Working                           │
│○ session-3  (2 msgs) - Session ended                     │
│                                                          │
│                                                          │
│                                                          │
│                                                          │
│                                                          │
│                                                          │
│                                                          │
│                                                          │
│                                                          │
│                                                          │
│                                                          │
│                                                          │
│                                                          │
╰──────────────────────────────────────────────────────────╯
╭─ session-1 ──────────────────────────────────────────────╮
│                                                          │
│                                                          │
│                                                          │
│                                                          │
╰──────────────────────────────────────────────────────────╯