╭─ Chat ─ Sessions ─ Workflows ────────────────────────────╮
│● My Custom Workflow                                      │
│  User-defined workflow                                   │
│● Quick Plan                                              │
│  A quick planning workflow                               │
│● Research                                                │
│  Research workflow for exploring topics                  │
│                                                          │
│                                                          │
│                                                          │
│                                                          │
│                                                          │
│                                                          │
│                                                          │
│                                                          │
│                                                          │
│                                                          │
│                                                          │
╰──────────────────────────────────────────────────────────╯
╭──────────────────────────────────────────────────────────╮
│                                                          │
│                                                          │
│                                                          │
│                                                          │
╰──────────────────────────────────────────────────────────╯