╭─ Chat ─ Sessions ─ Workflows ────────────────────────────╮
│● Workflow A                                              │
│  First workflow                                          │
│● Workflow B                                              │
│  Second workflow                                         │
│● Workflow C                                              │
│  Third workflow                                          │
│                                                          │
│                                                          │
│                                                          │
│                                                          │
│                                                          │
│                                                          │
╰──────────────────────────────────────────────────────────╯
╭──────────────────────────────────────────────────────────╮
│                                                          │
│                                                          │
│                                                          │
│                                                          │
╰──────────────────────────────────────────────────────────╯