╭─ Chat ─ Sessions ─ Workflows ────────────────────────────╮
│                                                          │
│                                                          │
│                                                          │
│                                                          │
│                                                          │
│                  No workflows available                  │
│                                                          │
│          Add workflows to ~/.perles/workflows/           │
│                                                          │
│                                                          │
│                                                          │
│                                                          │
╰──────────────────────────────────────────────────────────╯
╭──────────────────────────────────────────────────────────╮
│                                                          │
│                                                          │
│                                                          │
│                                                          │
╰──────────────────────────────────────────────────────────╯