╭─ Chat ─ Sessions ─ Workflows ────────────────────────────╮
│                                                          │
│                                                          │
│                                                          │
│                Failed to start assistant                 │
│                                                          │
│         The AI process could not be initialized.         │
│                                                          │
│                    Recovery options:                     │
│                     Ctrl+W to retry                      │
│                                                          │
│                                                          │
│                                                          │
╰──────────────────────────────────────────────────────────╯
╭──────────────────────────────────────────────────────────╮
│                                                          │
│                                                          │
│                                                          │
│                                                          │
╰──────────────────────────────────────────────────────────╯