╭─ Chat ─ Sessions ─ Workflows ────────────────────────────╮
│                                                          │
│                                                          │
│                                                          │
│                                                          │
│                 ⠋ Starting assistant...                  │
│                                                          │
│       Please wait while the AI process initializes       │
│                                                          │
│                                                          │
│                                                          │
│                                                          │
│                                                          │
╰──────────────────────────────────────────────────────────╯
╭──────────────────────────────────────────────────────────╮
│                                                          │
│                                                          │
│                                                          │
│                                                          │
╰──────────────────────────────────────────────────────────╯