╭──────────────────────────────────────────────────╮
│ Create View                                      │
│──────────────────────────────────────────────────│
│                                                  │
│ ╭─ Color (Enter to change) ────────────────────╮ │
│ │   #73F59F                                    │ │
│ ╰──────────────────────────────────────────────╯ │
│                                                  │
│    Save      Cancel                              │
│                                                  │
╰──────────────────────────────────────────────────╯