╭──────────────────────────────────────────────────╮
│ Edit Tags                                        │
│──────────────────────────────────────────────────│
│                                                  │
│ [1001z╭─ Tags (Space to toggle) ────────────────────╮  │
│ │[1005z>[x] bug[1005z                                     │  │
│ │[1006z [ ] feature[1006z                                 │  │
│ ╰─────────────────────────────────────────────╯  │
│                                                  │
│ [1013z╭─ Add Tag (Enter to add) ────────────────────╮  │
│ │ Enter tag...                                │  │
│ ╰─────────────────────────────────────────────╯[1013z[1001z  │
│                                                  │
│  [1002z  Save  [1002z  [1003z  Cancel  [1003z                            │
│                                                  │
╰──────────────────────────────────────────────────╯