╭──────────────────────────────────────────────────╮
│ Edit Tags                                        │
│──────────────────────────────────────────────────│
│                                                  │
│ ╭─ Tags (Space to toggle) ─────────────────────╮ │
│ │ (no items)                                   │ │
│ ╰──────────────────────────────────────────────╯ │
│                                                  │
│ ╭─ Add Tag (Enter to add) ─────────────────────╮ │
│ │ Enter tag...                                 │ │
│ ╰──────────────────────────────────────────────╯ │
│                                                  │
│    Save      Cancel                              │
│                                                  │
╰──────────────────────────────────────────────────╯