╭──────────────────────────────────────────────────╮
│ Select Epic                                      │
│──────────────────────────────────────────────────│
│                                                  │
│ ╭─ Epic (Enter to search) ─────────────────────╮ │
│ │ nonexistent                                  │ │
│ │──────────────────────────────────────────────│ │
│ │ No matches for 'nonexistent'                 │ │
│ ╰──────────────────────────────────────────────╯ │
│                                                  │
│    Create      Cancel                            │
│                                                  │
╰──────────────────────────────────────────────────╯