╭──────────────────────────────────────────────────╮
│ Select Epic                                      │
│──────────────────────────────────────────────────│
│                                                  │
│ ╭─ Epic (Type to search) ──────────────────────╮ │
│ │ Search epics...                              │ │
│ │──────────────────────────────────────────────│ │
│ │ Loading...                                   │ │
│ ╰──────────────────────────────────────────────╯ │
│                                                  │
│    Create      Cancel                            │
│                                                  │
╰──────────────────────────────────────────────────╯