╭──────────────────────────────────────────────────╮
│ Select Epic                                      │
│──────────────────────────────────────────────────│
│                                                  │
│ ╭─ Epic (Enter to search) ─────────────────────╮ │
│ │ EPIC-123: Implement user authentication flow │ │
│ ╰──────────────────────────────────────────────╯ │
│                                                  │
│    Create      Cancel                            │
│                                                  │
╰──────────────────────────────────────────────────╯