╭──────────────────────────────────────────────────╮
│ Select Epic                                      │
│──────────────────────────────────────────────────│
│                                                  │
│ ╭─ Epic (Enter to search) ─────────────────────╮ │
│ │ Search epics...                              │ │
│ │──────────────────────────────────────────────│ │
│ │ Error: database connection failed            │ │
│ │ (type to retry)                              │ │
│ ╰──────────────────────────────────────────────╯ │
│                                                  │
│    Create      Cancel                            │
│                                                  │
╰──────────────────────────────────────────────────╯