╭──────────────────────────────────────────────────╮
│ Edit Issue                                       │
│──────────────────────────────────────────────────│
│                                                  │
│ ╭─ Priority ───────────────────────────────────╮ │
│ │                                              │ │
│ ╰──────────────────────────────────────────────╯ │
│                                                  │
│    Save      Cancel                              │
│                                                  │
╰──────────────────────────────────────────────────╯