╭──────────────────────────────────────────────────╮
│ Add to Views                                     │
│──────────────────────────────────────────────────│
│                                                  │
│ [1001z╭─ Views (Space to toggle) ───────────────────╮  │
│ │[1005z [ ] Backlog[1005z                                 │  │
│ │[1006z>[x] Sprint[1006z                                  │  │
│ │[1007z [ ] Archive[1007z                                 │  │
│ ╰─────────────────────────────────────────────╯[1001z  │
│                                                  │
│  [1002z  Save  [1002z  [1003z  Cancel  [1003z                            │
│                                                  │
╰──────────────────────────────────────────────────╯