╭──────────────────────────────────────────────────╮
│ Add to Views                                     │
│──────────────────────────────────────────────────│
│                                                  │
│ ╭─ Views (Space to toggle) ────────────────────╮ │
│ │ [ ] Backlog                                  │ │
│ │>[x] Sprint                                   │ │
│ │ [ ] Archive                                  │ │
│ ╰──────────────────────────────────────────────╯ │
│                                                  │
│    Save      Cancel                              │
│                                                  │
╰──────────────────────────────────────────────────╯