╭──────────────────────────────────────────────────╮
│ Select Branch                                    │
│──────────────────────────────────────────────────│
│                                                  │
│ ╭─ Branch ─────────────────────────────────────╮ │
│ │ Search...                                    │ │
│ │──────────────────────────────────────────────│ │
│ │ main                                         │ │
│ │ develop                                      │ │
│ │ feature-auth                                 │ │
│ │ feature-login                                │ │
│ │ hotfix-123                                   │ │
│ ╰──────────────────────────────────────────────╯ │
│                                                  │
│    Create      Cancel                            │
│                                                  │
╰──────────────────────────────────────────────────╯