╭──────────────────────────────────────────────────╮
│ Select Branch                                    │
│──────────────────────────────────────────────────│
│                                                  │
│ ╭─ Branch ─────────────────────────────────────╮ │
│ │ main                                         │ │
│ ╰──────────────────────────────────────────────╯ │
│                                                  │
│    Create      Cancel                            │
│                                                  │
╰──────────────────────────────────────────────────╯