╭──────────────────────────────────────────────────╮
│ Select Branch                                    │
│──────────────────────────────────────────────────│
│                                                  │
│ [1001z╭─ Branch ────────────────────────────────────╮  │
│ │ main                                        │  │
│ ╰─────────────────────────────────────────────╯[1001z  │
│                                                  │
│  [1002z  Create  [1002z  [1003z  Cancel  [1003z                          │
│                                                  │
╰──────────────────────────────────────────────────╯