╭──────────────────────────────────────────────────╮
│ Create Workflow                                  │
│──────────────────────────────────────────────────│
│                                                  │
│ [1001z╭─ Name (Workflow name) ──────────────────────╮  │
│ │                                             │  │
│ ╰─────────────────────────────────────────────╯[1001z  │
│                                                  │
│  create workflow: template "v1-security-         │
│ assessment.md" not found                         │
│                                                  │
│  [1002z  Create  [1002z  [1003z  Cancel  [1003z                          │
│                                                  │
╰──────────────────────────────────────────────────╯