╭──────────────────────────────────────────────────╮
│ Create Workflow                                  │
│──────────────────────────────────────────────────│
│                                                  │
│ ╭─ Name (Workflow name) ───────────────────────╮ │
│ │                                              │ │
│ ╰──────────────────────────────────────────────╯ │
│                                                  │
│  create workflow: template "v1-security-         │
│ assessment.md" not found                         │
│                                                  │
│    Create      Cancel                            │
│                                                  │
╰──────────────────────────────────────────────────╯