╭──────────────────────────────────────────────────╮
│ Edit Issue                                       │
│──────────────────────────────────────────────────│
│                                                  │
│ ╭─ Title (required) ───────────────────────────╮ │
│ │Fix bug                                       │ │
│ ╰──────────────────────────────────────────────╯ │
│                                                  │
│ ╭─ Priority ───────────────────────────────────╮ │
│ │ ( ) P0 - Critical                            │ │
│ │ (●) P1 - High                                │ │
│ │ ( ) P2 - Medium                              │ │
│ ╰──────────────────────────────────────────────╯ │
│                                                  │
│ ╭─ Status ─────────────────────────────────────╮ │
│ │ (●) open                                     │ │
│ │ ( ) in_progress                              │ │
│ │ ( ) closed                                   │ │
│ ╰──────────────────────────────────────────────╯ │
│                                                  │
│ ╭─ Description ────────────────────────────────╮ │
│ │This is a bug description                     │ │
│ │with multiple lines                           │ │
│ │to test text area rendering.                  │ │
│ │                                              │ │
│ │                                              │ │
│ ╰──────────────────────────────────────────────╯ │
│                                                  │
│ ╭─ Notes ──────────────────────────────────────╮ │
│ │Internal notes here.                          │ │
│ │                                              │ │
│ │                                              │ │
│ │                                              │ │
│ ╰──────────────────────────────────────────────╯ │
│                                                  │
│    Save      Cancel                              │
│                                                  │
╰──────────────────────────────────────────────────╯