╭──────────────────────────────────────────────────╮
│ Save Tree Column                                 │
│──────────────────────────────────────────────────│
│                                                  │
│ ╭─ Tree Mode ──────────────────────────────────╮ │
│ │○ Dependencies    ● Parent-Child [←/→]        │ │
│ ╰──────────────────────────────────────────────╯ │
│                                                  │
│    Save      Cancel                              │
│                                                  │
╰──────────────────────────────────────────────────╯