╭──────────────────────────────────────────────────╮
│ Conditional Form                                 │
│──────────────────────────────────────────────────│
│                                                  │
│ ╭─ Show Details ───────────────────────────────╮ │
│ │● No    ○ Yes [←/→]                           │ │
│ ╰──────────────────────────────────────────────╯ │
│                                                  │
│    Save      Cancel                              │
│                                                  │
╰──────────────────────────────────────────────────╯