╭──────────────────────────────────────────────────╮
│ Edit Issue                                       │
│──────────────────────────────────────────────────│
│ [F][P1] bd-123 Sample issue title                │
│                                                  │
│ ╭─ Priority ───────────────────────────────────╮ │
│ │                                              │ │
│ ╰──────────────────────────────────────────────╯ │
│                                                  │
│    Save      Cancel                              │
│                                                  │
╰──────────────────────────────────────────────────╯