╭──────────────────────────────────────────────────╮
│ Edit Issue                       [F][P1][bd-123] │
│──────────────────────────────────────────────────│
│                                                  │
│ ╭─ Priority ───────────────────────────────────╮ │
│ │                                              │ │
│ ╰──────────────────────────────────────────────╯ │
│                                                  │
│    Save      Cancel                              │
│                                                  │
╰──────────────────────────────────────────────────╯