         [F][P2][wide-test] Wide Layout Test Issue                                        │  Type      Feature                                                               
                                                                                          │  ─────────────────────────                                                       
         Testing that footer is visible in wide two-column layout.                        │  Priority  P2                                                                    
                                                                                          │  Status    Open                                                                  
                                                                                          │  ─────────────────────────                                                       
                                                                                          │  Created   2024-03-01                                                            
                                                                                          │  ─────────────────────────                                                       
                                                                                          │  Labels                                                                          
                                                                                          │   test                                                                           
                                                                                          │                                                                                  
                                                                                          │                                                                                  
                                                                                          │                                                                                  
                                                                                          │                                                                                  
                                                                                          │                                                                                  
                                                                                          │                                                                                  
                                                                                          │                                                                                  
                                                                                          │                                                                                  
                                                                                          │                                                                                  
                                                                                          │                                                                                  
                                                                                          │                                                                                  
                                                                                          │                                                                                  
                                                                                          │                                                                                  
                                                                                          │                                                                                  
                                                                                          │                                                                                  
         [j/k] Scroll  [Shift+L] Edit Labels  [d] Delete Issue  [Esc] Back                │                                                                                  