 [T][P2][no-extra-task] Task without Extra Fields                                     │  Type      Task                    
                                                                                      │  ─────────────────────────────     
 [38;5;252m[0m[38;5;252m[0m[38;5;252mThis task has no acceptance criteria, design, or notes[0m[38;5;252m fields.[0m[38;5;252m [0m[38;5;252m [0m[38;5;252m [0m[38;5;252m [0m[38;5;252m [0m[38;5;252m [0m[38;5;252m [0m[38;5;252m [0m[38;5;252m [0m[38;5;252m [0m[38;5;252m [0m[38;5;252m [0m[38;5;252m [0m[38;5;252m [0m[38;5;252m [0m[38;5;252m [0m[38;5;252m [0m[38;5;252m [0m[38;5;252m [0m[38;5;252m [0m[38;5;252m [0m[38;5;252m [0m │  Priority  P2                      
                                                                                      │  Status    Open                    
                                                                                      │  ─────────────────────────────     
                                                                                      │  Created   2024-05-10 09:00:00     
                                                                                      │  ─────────────────────────────     
                                                                                      │  Labels                            
                                                                                      │   simple                           
                                                                                      │                                    
                                                                                      │                                    
                                                                                      │                                    
                                                                                      │                                    
                                                                                      │                                    
                                                                                      │                                    
                                                                                      │                                    
                                                                                      │                                    
                                                                                      │                                    
                                                                                      │                                    
                                                                                      │                                    
                                                                                      │                                    
                                                                                      │                                    
                                                                                      │                                    
                                                                                      │                                    
                                                                                      │                                    
                                                                                      │                                    
                                                                                      │                                    
                                                                                      │                                    
                                                                                      │                                    
                                                                                      │                                    
                                                                                      │                                    
                                                                                      │                                    
                                                                                      │                                    
                                                                                      │                                    
                                                                                      │                                    
                                                                                      │                                    
                                                                                      │                                    
                                                                                      │                                    
                                                                                      │                                    
 [j/k] Scroll  [ctrl+e] Edit Issue  [ctrl+d] Delete Issue  [Esc] Back                 │                                    