         [B][P1][wrap-test] This is a very long title that should wrap to multiple lines  │  Type      Bug                                                                   
         in the two-column layout to test divider continuity                              │  ─────────────────────────                                                       
                                                                                          │  Priority  P1                                                                    
         Short description.                                                               │  Status    In Progress                                                           
                                                                                          │  ─────────────────────────                                                       
                                                                                          │  Created   2024-03-01                                                            
                                                                                          │                                                                                  
                                                                                          │                                                                                  
                                                                                          │                                                                                  
                                                                                          │                                                                                  
                                                                                          │                                                                                  
                                                                                          │                                                                                  
                                                                                          │                                                                                  
                                                                                          │                                                                                  
                                                                                          │                                                                                  
                                                                                          │                                                                                  
                                                                                          │                                                                                  
                                                                                          │                                                                                  
                                                                                          │                                                                                  
                                                                                          │                                                                                  
                                                                                          │                                                                                  
                                                                                          │                                                                                  
                                                                                          │                                                                                  
                                                                                          │                                                                                  
         [j/k] Scroll  [Shift+L] Edit Labels  [d] Delete Issue  [Esc] Back                │                                                                                  