 [T][P1][test-123] Test Issue Title                                                 │  Type      Task                      
                                                                                    │  ─────────────────────────           
 This is the issue description.                                                     │ >Priority  P1                        
                                                                                    │  Status    Open                      
 It has multiple paragraphs.                                                        │  ─────────────────────────           
                                                                                    │  Created   2024-01-15                
                                                                                    │  Updated   2024-01-20                
                                                                                    │  ─────────────────────────           
                                                                                    │  Labels                              
                                                                                    │   backend                            
                                                                                    │   urgent                             
                                                                                    │                                      
                                                                                    │                                      
                                                                                    │                                      
                                                                                    │                                      
                                                                                    │                                      
                                                                                    │                                      
                                                                                    │                                      
                                                                                    │                                      
                                                                                    │                                      
                                                                                    │                                      
                                                                                    │                                      
                                                                                    │                                      
                                                                                    │                                      
                                                                                    │                                      
                                                                                    │                                      
                                                                                    │                                      
                                                                                    │                                      
                                                                                    │                                      
 [j/k] Scroll  [Shift+L] Edit Labels  [d] Delete Issue  [Esc] Back                  │                                      