 [E][P0][epic-456] Epic with Dependencies                                           │  Type      Epic                      
                                                                                    │  ──────────────────────────────      
 [38;5;252m[0m[38;5;252m[0m[38;5;252mThis epic has both blockers and downstream[0m[38;5;252m dependencies.[0m[38;5;252m [0m[38;5;252m [0m[38;5;252m [0m[38;5;252m [0m[38;5;252m [0m[38;5;252m [0m[38;5;252m [0m[38;5;252m [0m[38;5;252m [0m[38;5;252m [0m[38;5;252m [0m[38;5;252m [0m[38;5;252m [0m[38;5;252m [0m[38;5;252m [0m[38;5;252m [0m[38;5;252m [0m[38;5;252m [0m[38;5;252m [0m[38;5;252m [0m[38;5;252m [0m[38;5;252m [0m[38;5;252m [0m[38;5;252m [0m[38;5;252m [0m[38;5;252m [0m │  Priority  P0                        
                                                                                    │  Status    In Progress               
                                                                                    │  ──────────────────────────────      
                                                                                    │  Created   2024-02-01 09:00:00       
                                                                                    │  Updated   2024-02-15 16:30:00       
                                                                                    │  ──────────────────────────────      
                                                                                    │  Labels                              
                                                                                    │   ui                                 
                                                                                    │   phase-2                            
                                                                                    │  ──────────────────────────────      
                                                                                    │  Blocked by                          
                                                                                    │   task-100                           
                                                                                    │   task-101                           
                                                                                    │  ──────────────────────────────      
                                                                                    │  Blocks                              
                                                                                    │   task-200                           
                                                                                    │   task-201                           
                                                                                    │   task-202                           
                                                                                    │                                      
                                                                                    │                                      
                                                                                    │                                      
                                                                                    │                                      
                                                                                    │                                      
                                                                                    │                                      
                                                                                    │                                      
                                                                                    │                                      
                                                                                    │                                      
 [j/k] Scroll  [e] Edit Issue  [d] Delete Issue  [Esc] Back                         │                                      