         [F][P2][wide-test] Wide Layout Test Issue                                        │  Type      Feature                                                               
                                                                                          │  ──────────────────────────────                                                  
         [38;5;252m[0m[38;5;252m[0m[38;5;252mTesting that footer is visible in wide two-column[0m[38;5;252m layout.[0m[38;5;252m [0m[38;5;252m [0m[38;5;252m [0m[38;5;252m [0m[38;5;252m [0m[38;5;252m [0m[38;5;252m [0m[38;5;252m [0m[38;5;252m [0m[38;5;252m [0m[38;5;252m [0m[38;5;252m [0m[38;5;252m [0m[38;5;252m [0m[38;5;252m [0m[38;5;252m [0m[38;5;252m [0m[38;5;252m [0m[38;5;252m [0m[38;5;252m [0m[38;5;252m [0m[38;5;252m [0m[38;5;252m [0m │  Priority  P2                                                                    
                                                                                          │  Status    Open                                                                  
                                                                                          │  ──────────────────────────────                                                  
                                                                                          │  Created   2024-03-01 12:00:00                                                   
                                                                                          │  ──────────────────────────────                                                  
                                                                                          │  Labels                                                                          
                                                                                          │   test                                                                           
                                                                                          │                                                                                  
                                                                                          │                                                                                  
                                                                                          │                                                                                  
                                                                                          │                                                                                  
                                                                                          │                                                                                  
                                                                                          │                                                                                  
                                                                                          │                                                                                  
                                                                                          │                                                                                  
                                                                                          │                                                                                  
                                                                                          │                                                                                  
                                                                                          │                                                                                  
                                                                                          │                                                                                  
                                                                                          │                                                                                  
                                                                                          │                                                                                  
                                                                                          │                                                                                  
         [j/k] Scroll  [t] Tree View  [e] Edit Issue  [d] Delete Issue  [Esc] Back        │                                                                                  