 Edit Column: Dependencies                                                                          [Esc] Cancel  [↑/↓] Navigate   
───────────────────────────────────────────────────────────────────────────────────────────────────────────────────────────────────
                                                                           │                                                       
╭─ Name ────────────────────────────────────────────────────────────────╮  │  Live Preview                                         
│Dependencies                                                           │  │  Tree with 3 nodes                                    
╰───────────────────────────────────────────────────────────────────────╯  │                                                       
                                                                           │  ╭─ Dependencies ──────────────────────────────────╮  
╭─ Type ────────────────────────────────────────────────────────────────╮  │  │>[E][P1][epic-1] Epic: Implement t... ●──292y ago│  
│○ BQL Query    ● Tree View [←/→ to switch]                             │  │  │ ├─[T][P2][task-1] Add tree column... ✓  292y ago│  
╰───────────────────────────────────────────────────────────────────────╯  │  │ └─[T][P2][task-2] Fix tree width ... ○  292y ago│  
                                                                           │  │                                                 │  
╭─ Color ───────────────────────────────────────────────────────────────╮  │  │                                                 │  
│    #54A0FF [Enter to change]                                          │  │  │                                                 │  
╰───────────────────────────────────────────────────────────────────────╯  │  │                                                 │  
                                                                           │  │                                                 │  
╭─ Root Issue ID ───────────────────────────────────────────────────────╮  │  │                                                 │  
│epic-1                                                                 │  │  │                                                 │  
╰───────────────────────────────────────────────────────────────────────╯  │  │                                                 │  
                                                                           │  │                                                 │  
╭─ Tree Mode ───────────────────────────────────────────────────────────╮  │  │                                                 │  
│● Dependencies    ○ Parent-Child [←/→ to switch]                       │  │  │                                                 │  
╰───────────────────────────────────────────────────────────────────────╯  │  │                                                 │  
                                                                           │  │                                                 │  
  Save      Delete                                                         │  │                                                 │  
                                                                           │  │                                                 │  
                                                                           │  ╰─────────────────────────────────────────────────╯  
                                                                           │                                                       
                                                                           │                                                       
                                                                           │                                                       
                                                                           │                                                       
                                                                           │                                                       
                                                                           │                                                       
                                                                           │                                                       
                                                                           │                                                       
                                                                           │                                                       
                                                                           │                                                       
                                                                           │                                                       
                                                                           │                                                       
                                                                           │                                                       
                                                                                                                                   