╭──────────────────────────────────────────────────╮
│ Save as Column                                   │
│──────────────────────────────────────────────────│
│                                                  │
│ ╭─ Column Name (required) ─────────────────────╮ │
│ │ Test Column                                  │ │
│ ╰──────────────────────────────────────────────╯ │
│                                                  │
│ ╭─ Color (Enter to change) ────────────────────╮ │
│ │    #73F59F                                   │ │
│ ╰──────────────────────────────────────────────╯ │
│                                                  │
│ ╭─ Add to Views (Space to toggle) ─────────────╮ │
│ │ [ ] Default                                  │ │
│ │ [ ] By Priority                              │ │
│ │ [ ] Archived                                 │ │
│ ╰──────────────────────────────────────────────╯ │
│  Select at least one view                        │
│                                                  │
│     Save                                         │
│                                                  │
╰──────────────────────────────────────────────────╯