╭────────────────────────────────────────────────────────────────────────────────────────────────╮
│ Edit Issue                                                                [T][P1][test-layout] │
│────────────────────────────────────────────────────────────────────────────────────────────────│
│                                                                                                │
│ ╭─ Title ───────────────────────────────────╮   ╭─ Description (Ctrl+G for editor) ──────────╮ │
│ │Multi-Column Issue                         │   │This description appears in column 1        │ │
│ │                                           │   │                                            │ │
│ │                                           │   │                                            │ │
│ ╰───────────────────────────────────────────╯   │                                            │ │
│                                                 │                                            │ │
│ ╭─ Priority (Space to toggle) ──────────────╮   │                                            │ │
│ │ ( ) P0 - Critical                         │   │                                            │ │
│ │ (●) P1 - High                             │   │                                            │ │
│ │ ( ) P2 - Medium                           │   ╰────────────────────────────────────────────╯ │
│ │ ( ) P3 - Low                              │                                                  │
│ │ ( ) P4 - Backlog                          │   ╭─ Notes (Ctrl+G for editor) ────────────────╮ │
│ ╰───────────────────────────────────────────╯   │Internal notes here                         │ │
│                                                 │                                            │ │
│ ╭─ Parent Epic (Enter to search) ───────────╮   │                                            │ │
│ │ Search epics...                           │   │                                            │ │
│ ╰───────────────────────────────────────────╯   │                                            │ │
│                                                 │                                            │ │
│ ╭─ Parent Task (Enter to search) ───────────╮   │                                            │ │
│ │ Search tasks...                           │   │                                            │ │
│ ╰───────────────────────────────────────────╯   ╰────────────────────────────────────────────╯ │
│                                                                                                │
│ ╭─ Status (Space to toggle) ────────────────╮                                                  │
│ │ (●) Open                                  │                                                  │
│ │ ( ) In Progress                           │                                                  │
│ │ ( ) Closed                                │                                                  │
│ │ ( ) Deferred                              │                                                  │
│ │ ( ) Blocked                               │                                                  │
│ ╰───────────────────────────────────────────╯                                                  │
│                                                                                                │
│ ╭─ Labels (Space to toggle) ────────────────╮                                                  │
│                                                                                                │
│    Save      Cancel                                                                            │
│                                                                                                │
╰────────────────────────────────────────────────────────────────────────────────────────────────╯