╭────────────────────────────────────────────────────╮
│ Edit Issue                       [T][P2][test-456] │
│────────────────────────────────────────────────────│
│                                                    │
│ ╭─ Priority (Space to toggle) ──────────────────╮  │
│ │ ( ) P0 - Critical                             │  │
│ │ ( ) P1 - High                                 │  │
│ │>(●) P2 - Medium                               │  │
│ │ ( ) P3 - Low                                  │  │
│ │ ( ) P4 - Backlog                              │  │
│ ╰───────────────────────────────────────────────╯  │
│                                                    │
│ ╭─ Status (Space to toggle) ────────────────────╮  │
│ │ ( ) Open                                      │  │
│ │ (●) In Progress                               │  │
│ │ ( ) Closed                                    │  │
│ ╰───────────────────────────────────────────────╯  │
│                                                    │
│ ╭─ Labels (Space to toggle) ────────────────────╮  │
│ │ (no items)                                    │  │
│ ╰───────────────────────────────────────────────╯  │
│                                                    │
│ ╭─ Add Label (Enter to add) ────────────────────╮  │
│ │ Enter label name...                           │  │
│ ╰───────────────────────────────────────────────╯  │
│                                                    │
│    Save      Cancel                                │
│                                                    │
╰────────────────────────────────────────────────────╯