                                                            
                                                            
                                                            
                                                            
             Binary file - cannot display diff              
                                                            
                                                            
                                                            
                                                            
                                                            