                                                                                                  
                                                                                                  
                                                                                                  
                                                                                                  
                                                                                                  
                                                                                                  
                                                                                                  
                                                                                                  
                                                                                                  
                                                                                                  
                             ⏳ Loading working directory changes...                              
                                                                                                  
                              This may take a moment for large diffs                              
                                                                                                  
                                                                                                  
                                                                                                  
                                                                                                  
                                                                                                  
                                                                                                  
                                                                                                  
                                                                                                  
                                                                                                  
                                                                                                  
╭────────────────────────────────────────────────────────────────────────────────────────────────╮
│ [j/k] Navigate  [h/l] Switch pane  [^d/^u] Scroll  [?] Help                                    │
╰────────────────────────────────────────────────────────────────────────────────────────────────╯