╭─ Files Changed ─── 1 file ─╮╭─ main ───────────────────────────────────────────────────────────╮
│                            ││ Working Directory                                                │
│                            │╰──────────────────────────────────────────────────────────────────╯
│                            │╭──────────────────────────────────────────────────────────────────╮
│                            ││                                                                  │
│      No files changed      ││                                                                  │
│                            ││                                                                  │
│                            ││                                                                  │
│                            ││                                                                  │
│                            ││                                                                  │
╰────────────────────────────╯│                                                                  │
╭─ Co... ─ Bra... ─ Work... ─╮│                                                                  │
│abc1234 Initial commit      ││                                                                  │
│                            ││                                                                  │
│                            ││                                                                  │
│                            ││                                                                  │
│                            ││                                                                  │
│                            ││                                                                  │
│                            ││                                                                  │
│                            ││                                                                  │
│                            ││                                                                  │
│                            ││                                                                  │
╰────────────────────────────╯╰──────────────────────────────────────────────────────────────────╯
╭────────────────────────────────────────────────────────────────────────────────────────────────╮
│ [j/k] Navigate  [h/l] Switch pane  [^d/^u] Scroll  [?] Help                                    │
╰────────────────────────────────────────────────────────────────────────────────────────────────╯