                                                            
                                                            
                                                            
                                                            
                      ⚠ Timeout Error                       
                                                            
            Operation timed out after 5 seconds             
       This may happen with very large repositories.        
                                                            
               [r] Retry with longer timeout                
                        [?] Get help                        
                                                            
                                                            
                                                            
                                                            