▼ src                                                       
  ▼ components                                              
    ▼ ui                                                    
      ▼ button                                              
        M button.go                                  +50 -10
        M button_test.go                                +100
      ▼ modal                                               
        M modal.go                                   +75 -25
  ▼ utils                                                   
    M helpers.go                                      +20 -5
                                                            
                                                            
                                                            
                                                            
                                                            
                                                            
                                                            
                                                            
                                                            
                                                            