╭─ Files Changed ─────────────────────────────── 4 files ─╮╭─ feature/user-management ───────────────────────────────────────────────────────────────────────────────────────────────────────────────╮
│                                                         ││ Working Directory                                                                                                                       │
│                                                         │╰─────────────────────────────────────────────────────────────────────────────────────────────────────────────────────────────────────────╯
│                                                         │╭─────────────────────────────────────────────────────────────────────────────────────────────────────────────────────────────────────────╮
│                                                         ││                                                                                                                                         │
│                                                         ││                                                                                                                                         │
│                                                         ││                                                                                                                                         │
│                    No files changed                     ││                                                                                                                                         │
│                                                         ││                                                                                                                                         │
│                                                         ││                                                                                                                                         │
│                                                         ││                                                                                                                                         │
│                                                         ││                                                                                                                                         │
│                                                         ││                                                                                                                                         │
│                                                         ││                                                                                                                                         │
│                                                         ││                                                                                                                                         │
╰─────────────────────────────────────────────────────────╯│                                                                                                                                         │
╭─ Commits ─ Branches ─ Worktrees ────────────────────────╮│                                                                                                                                         │
│abc1234 Implement new API endpoints for user management  ││                                                                                                                                         │
│def5678 Add logging infrastructure                       ││                                                                                                                                         │
│ghi9012 Refactor database connection handling            ││                                                                                                                                         │
│jkl3456 Update dependencies to latest versions           ││                                                                                                                                         │
│mno7890 Initial project setup                            ││                                                                                                                                         │
│                                                         ││                                                                                                                                         │
│                                                         ││                                                                                                                                         │
│                                                         ││                                                                                                                                         │
│                                                         ││                                                                                                                                         │
│                                                         ││                                                                                                                                         │
│                                                         ││                                                                                                                                         │
│                                                         ││                                                                                                                                         │
│                                                         ││                                                                                                                                         │
│                                                         ││                                                                                                                                         │
│                                                         ││                                                                                                                                         │
╰─────────────────────────────────────────────────────────╯╰─────────────────────────────────────────────────────────────────────────────────────────────────────────────────────────────────────────╯
╭────────────────────────────────────────────────────────────────────────────────────────────────────────────────────────────────────────────────────────────────────────────────────────────────────╮
│ [j/k] Navigate  [h/l] Switch pane  [^d/^u] Scroll  [?] Help                                                                                                                                        │
╰────────────────────────────────────────────────────────────────────────────────────────────────────────────────────────────────────────────────────────────────────────────────────────────────────╯