╭─ Files Changed ─ No files ─╮╭─ HEAD ───────────────────────────────────────────────────────────╮
│                            ││ abc1234 Add new feature                                   +10 -5 │
│                            │╰──────────────────────────────────────────────────────────────────╯
│                            │╭───────────────────────────────────────────────────────── 1 hunk ─╮
│      No files changed      ││                                                                 █│
│                            ││                                                                 █│
│                            ││                                                                 █│
│                            ││                                                                 █│
╰────────────────────────────╯│                                                                 █│
╭─ Co... ─ Bra... ─ Work... ─╮│                                                                 █│
│abc1234 Add new feature     ││                                                                 █│
│                            ││                    ⏳ Loading commit diff...                    █│
│                            ││                                                                 █│
│                            ││             This may take a moment for large diffs              ░│
│                            ││                                                                 ░│
│                            ││                                                                 ░│
│                            ││                                                                 ░│
╰────────────────────────────╯╰──────────────────────────────────────────────────────────────────╯
╭────────────────────────────────────────────────────────────────────────────────────────────────╮
│ [j/k] Navigate  [h/l] Switch pane  [Enter] View files  [?] Help                                │
╰────────────────────────────────────────────────────────────────────────────────────────────────╯