main (current)                                    
develop                                           
feature/auth                                      
                                                  
                                                  
                                                  
                                                  
                                                  
                                                  
                                                  