                                                            
                                                            
                                                            
                   No changes to display                    
                                                            
              Your working directory is clean.              
                                                            
                           Tips:                            
          • Make changes to files and return here           
    • Use [ / ] to switch between Commits, Branches, and    
                       Worktrees tabs                       
                    • Press [?] for help                    
                                                            
                                                            
                                                            