╭─ Files Changed ─ No files ─╮╭─ HEAD ───────────────────────────────────────────────────────────╮
│                            ││ No commits                                                       │
│                            │╰──────────────────────────────────────────────────────────────────╯
│                            │╭──────────────────────────────────────────────────────────────────╮
│                            ││                                                                  │
│      No files changed      ││                                                                  │
│                            ││                                                                  │
│                            ││                                                                  │
│                            ││                                                                  │
│                            ││                                                                  │
╰────────────────────────────╯│                                                                  │
╭─ Co... ─ Bra... ─ Work... ─╮│                                                                  │
│main (current)              ││                                                                  │
│develop                     ││                                                                  │
│feature/auth                ││                                                                  │
│                            ││                                                                  │
│                            ││                                                                  │
│                            ││                                                                  │
│                            ││                                                                  │
│                            ││                                                                  │
│                            ││                                                                  │
│                            ││                                                                  │
╰────────────────────────────╯╰──────────────────────────────────────────────────────────────────╯
╭────────────────────────────────────────────────────────────────────────────────────────────────╮
│ [j/k] Navigate  [h/l] Switch pane  [Enter] View files  [?] Help                                │
╰────────────────────────────────────────────────────────────────────────────────────────────────╯