                                                            
                                                            
                                                            
                                                            
                   ⚠ Git Operation Error                    
                                                            
                    Git operation failed                    
        Check your git configuration and try again.         
                                                            
                         [r] Retry                          
                        [?] Get help                        
                                                            
                                                            
                                                            
                                                            