                                                                                                                
                                                                                                                
                                                                                                                
                                                                                                                
                                                                                                                
                                                                                                                
                                                                                                                
                                                                                                                
                                                                                                                
                                                                                                                
                                                                                                                
                                                                                                                
╭──────────────────────────────────────────────────────────────────────────────────────────────────────────────╮
│  Diff Viewer Help                                                                                            │
│──────────────────────────────────────────────────────────────────────────────────────────────────────────────│
│                                                                                                              │
│  Navigation                Scrolling & View           Actions                         General                │
│  j/↓        next file      ctrl+u     scroll up       Enter      view commit files    ?          show help   │
│  k/↑        prev file      ctrl+d     scroll down     y          copy hunk            esc/q      close diff  │
│  h/←        file list      g          go to top                                                              │
│  l/→        diff pane      G          go to bottom                                                           │
│  tab        cycle panes    [ / ]      tabs/hunks                                                             │
│                            ^v         toggle view                                                            │
│                                                                                                              │
│                                                                                                              │
│  Press ? or Esc to close                                                                                     │
╰──────────────────────────────────────────────────────────────────────────────────────────────────────────────╯
                                                                                                                
                                                                                                                
                                                                                                                
                                                                                                                
                                                                                                                
                                                                                                                
                                                                                                                
                                                                                                                
                                                                                                                
                                                                                                                
                                                                                                                
                                                                                                                
                                                                                                                