╭─ Files Changed ─ No files ─╮╭─ HEAD ───────────────────────────────────────────────────────────╮
│                            ││ abc1234 Add user authentication                                  │
│                            │╰──────────────────────────────────────────────────────────────────╯
│                            │╭──────────────────────────────────────────────────────────────────╮
│                            ││                                                                  │
│      No files changed      ││                                                                  │
│                            ││                                                                  │
│                            ││                                                                  │
│                            ││                                                                  │
│                            ││                                                                  │
╰────────────────────────────╯│                                                                  │
╭─ Co... ─ Bra... ─ Work... ─╮│                                                                  │
│abc1234 Add user authenticat││                                                                  │
│def5678 Fix login bug       ││                                                                  │
│ghi9012 Update dependencies ││                                                                  │
│                            ││                                                                  │
│                            ││                                                                  │
│                            ││                                                                  │
│                            ││                                                                  │
│                            ││                                                                  │
│                            ││                                                                  │
│                            ││                                                                  │
╰────────────────────────────╯╰──────────────────────────────────────────────────────────────────╯
╭────────────────────────────────────────────────────────────────────────────────────────────────╮
│ [j/k] Navigate  [h/l] Switch pane  [Enter] View files  [?] Help                                │
╰────────────────────────────────────────────────────────────────────────────────────────────────╯