▶ cmd                                             
▼ internal                                        
  ▼ pkg                                           
    M utils.go                             +50 -20
M README.md                                     +5
                                                  
                                                  
                                                  
                                                  
                                                  
                                                  
                                                  
                                                  
                                                  
                                                  