╭─ Files Changed ── 3 files ─╮╭─ HEAD ───────────────────────────────────────────────────────────╮
│                            ││ Working Directory                                                │
│                            │╰──────────────────────────────────────────────────────────────────╯
│                            │╭──────────────────────────────────────────────────────────────────╮
│                            ││                                                                  │
│      No files changed      ││                                                                  │
│                            ││                                                                  │
│                            ││                                                                  │
│                            ││                                                                  │
│                            ││                                                                  │
╰────────────────────────────╯│                                                                  │
╭─ Co... ─ Bra... ─ Work... ─╮│                                                                  │
│                            ││                                                                  │
│                            ││                                                                  │
│                            ││                                                                  │
│                            ││                                                                  │
│       No commits yet       ││                                                                  │
│                            ││                                                                  │
│                            ││                                                                  │
│                            ││                                                                  │
│                            ││                                                                  │
│                            ││                                                                  │
╰────────────────────────────╯╰──────────────────────────────────────────────────────────────────╯
╭────────────────────────────────────────────────────────────────────────────────────────────────╮
│ [j/k] Navigate  [h/l] Switch pane  [^d/^u] Scroll  [?] Help                                    │
╰────────────────────────────────────────────────────────────────────────────────────────────────╯