M main.go                         +10 -5
                                        
                                        
                                        
                                        
                                        
                                        
                                        
                                        
                                        